2026-05-31 22:54:54,098	aishell_voice	INFO	{'train': {'log_interval': 200, 'seed': 1234, 'epochs': 20000, 'learning_rate': 0.0001, 'betas': [0.8, 0.99], 'eps': 1e-09, 'batch_size': 4, 'fp16_run': True, 'lr_decay': 0.999875, 'segment_size': 12800, 'init_lr_ratio': 1, 'warmup_epochs': 0, 'c_mel': 45, 'c_kl': 1.0}, 'data': {'max_wav_value': 32768.0, 'sampling_rate': 40000, 'filter_length': 2048, 'hop_length': 400, 'win_length': 2048, 'n_mel_channels': 125, 'mel_fmin': 0.0, 'mel_fmax': None, 'training_files': './logs\\aishell_voice/filelist.txt'}, 'model': {'inter_channels': 192, 'hidden_channels': 192, 'filter_channels': 768, 'n_heads': 2, 'n_layers': 6, 'kernel_size': 3, 'p_dropout': 0, 'resblock': '1', 'resblock_kernel_sizes': [3, 7, 11], 'resblock_dilation_sizes': [[1, 3, 5], [1, 3, 5], [1, 3, 5]], 'upsample_rates': [10, 10, 2, 2], 'upsample_initial_channel': 512, 'upsample_kernel_sizes': [16, 16, 4, 4], 'use_spectral_norm': False, 'gin_channels': 256, 'spk_embed_dim': 109}, 'model_dir': './logs\\aishell_voice', 'experiment_dir': './logs\\aishell_voice', 'save_every_epoch': 1, 'name': 'aishell_voice', 'total_epoch': 20, 'pretrainG': 'assets/pretrained_v2/f0G40k.pth', 'pretrainD': 'assets/pretrained_v2/f0D40k.pth', 'version': 'v2', 'gpus': '0', 'sample_rate': '40k', 'if_f0': 1, 'if_latest': 1, 'save_every_weights': '1', 'if_cache_data_in_gpu': 0}
2026-05-31 22:54:58,014	aishell_voice	INFO	loaded pretrained assets/pretrained_v2/f0G40k.pth
2026-05-31 22:54:58,175	aishell_voice	INFO	<All keys matched successfully>
2026-05-31 22:54:58,175	aishell_voice	INFO	loaded pretrained assets/pretrained_v2/f0D40k.pth
2026-05-31 22:54:58,289	aishell_voice	INFO	<All keys matched successfully>
2026-05-31 22:54:58,415	aishell_voice	INFO	Epoch 1/20 start, batches=134
2026-05-31 22:55:00,133	aishell_voice	INFO	Train Epoch: 1 [1%]
2026-05-31 22:55:00,133	aishell_voice	INFO	[0, 0.0001]
2026-05-31 22:55:00,134	aishell_voice	INFO	loss_disc=4.236, loss_gen=2.691, loss_fm=10.087,loss_mel=24.139, loss_kl=9.000
2026-05-31 22:55:05,742	aishell_voice	INFO	Train Epoch: 1 [8%]
2026-05-31 22:55:05,742	aishell_voice	INFO	[10, 0.0001]
2026-05-31 22:55:05,742	aishell_voice	INFO	loss_disc=3.969, loss_gen=3.876, loss_fm=11.140,loss_mel=24.595, loss_kl=8.144
2026-05-31 22:55:10,338	aishell_voice	INFO	Train Epoch: 1 [16%]
2026-05-31 22:55:10,338	aishell_voice	INFO	[20, 0.0001]
2026-05-31 22:55:10,338	aishell_voice	INFO	loss_disc=3.986, loss_gen=3.722, loss_fm=12.528,loss_mel=24.154, loss_kl=4.751
2026-05-31 22:55:14,927	aishell_voice	INFO	Train Epoch: 1 [23%]
2026-05-31 22:55:14,928	aishell_voice	INFO	[30, 0.0001]
2026-05-31 22:55:14,928	aishell_voice	INFO	loss_disc=3.774, loss_gen=3.950, loss_fm=9.652,loss_mel=21.679, loss_kl=3.232
2026-05-31 22:55:19,434	aishell_voice	INFO	Train Epoch: 1 [31%]
2026-05-31 22:55:19,434	aishell_voice	INFO	[40, 0.0001]
2026-05-31 22:55:19,434	aishell_voice	INFO	loss_disc=4.153, loss_gen=3.219, loss_fm=9.221,loss_mel=20.054, loss_kl=3.231
2026-05-31 22:55:23,905	aishell_voice	INFO	Train Epoch: 1 [38%]
2026-05-31 22:55:23,905	aishell_voice	INFO	[50, 0.0001]
2026-05-31 22:55:23,905	aishell_voice	INFO	loss_disc=3.519, loss_gen=3.814, loss_fm=14.124,loss_mel=23.342, loss_kl=2.803
2026-05-31 22:55:28,303	aishell_voice	INFO	Train Epoch: 1 [46%]
2026-05-31 22:55:28,303	aishell_voice	INFO	[60, 0.0001]
2026-05-31 22:55:28,303	aishell_voice	INFO	loss_disc=4.167, loss_gen=2.749, loss_fm=4.932,loss_mel=20.029, loss_kl=4.759
2026-05-31 22:55:32,762	aishell_voice	INFO	Train Epoch: 1 [53%]
2026-05-31 22:55:32,762	aishell_voice	INFO	[70, 0.0001]
2026-05-31 22:55:32,762	aishell_voice	INFO	loss_disc=3.621, loss_gen=3.706, loss_fm=11.553,loss_mel=22.546, loss_kl=2.615
2026-05-31 22:55:37,204	aishell_voice	INFO	Train Epoch: 1 [60%]
2026-05-31 22:55:37,204	aishell_voice	INFO	[80, 0.0001]
2026-05-31 22:55:37,204	aishell_voice	INFO	loss_disc=4.373, loss_gen=3.180, loss_fm=6.108,loss_mel=19.194, loss_kl=2.143
2026-05-31 22:55:41,712	aishell_voice	INFO	Train Epoch: 1 [68%]
2026-05-31 22:55:41,713	aishell_voice	INFO	[90, 0.0001]
2026-05-31 22:55:41,713	aishell_voice	INFO	loss_disc=4.227, loss_gen=3.390, loss_fm=5.942,loss_mel=19.564, loss_kl=3.132
2026-05-31 22:55:46,258	aishell_voice	INFO	Train Epoch: 1 [75%]
2026-05-31 22:55:46,258	aishell_voice	INFO	[100, 0.0001]
2026-05-31 22:55:46,258	aishell_voice	INFO	loss_disc=3.909, loss_gen=3.642, loss_fm=9.231,loss_mel=20.188, loss_kl=2.162
2026-05-31 22:55:50,708	aishell_voice	INFO	Train Epoch: 1 [83%]
2026-05-31 22:55:50,709	aishell_voice	INFO	[110, 0.0001]
2026-05-31 22:55:50,709	aishell_voice	INFO	loss_disc=3.589, loss_gen=3.822, loss_fm=12.505,loss_mel=23.333, loss_kl=2.210
2026-05-31 22:55:55,202	aishell_voice	INFO	Train Epoch: 1 [90%]
2026-05-31 22:55:55,202	aishell_voice	INFO	[120, 0.0001]
2026-05-31 22:55:55,202	aishell_voice	INFO	loss_disc=3.891, loss_gen=2.759, loss_fm=11.221,loss_mel=21.494, loss_kl=2.148
2026-05-31 22:55:59,709	aishell_voice	INFO	Train Epoch: 1 [98%]
2026-05-31 22:55:59,709	aishell_voice	INFO	[130, 0.0001]
2026-05-31 22:55:59,709	aishell_voice	INFO	loss_disc=3.868, loss_gen=3.390, loss_fm=11.720,loss_mel=21.573, loss_kl=1.619
2026-05-31 22:56:01,072	aishell_voice	INFO	Train Epoch: 1 [100%]
2026-05-31 22:56:01,072	aishell_voice	INFO	[133, 0.0001]
2026-05-31 22:56:01,072	aishell_voice	INFO	loss_disc=3.906, loss_gen=3.226, loss_fm=7.742,loss_mel=19.599, loss_kl=2.104
2026-05-31 22:56:01,085	aishell_voice	INFO	Saving model and optimizer state at epoch 1 to ./logs\aishell_voice\G_2333333.pth
2026-05-31 22:56:01,674	aishell_voice	INFO	Saving model and optimizer state at epoch 1 to ./logs\aishell_voice\D_2333333.pth
2026-05-31 22:56:02,570	aishell_voice	INFO	saving ckpt aishell_voice_e1:Success.
2026-05-31 22:56:02,570	aishell_voice	INFO	====> Epoch: 1 [2026-05-31 22:56:02] | (0:01:04.154505)
2026-05-31 22:56:14,116	aishell_voice	INFO	Eval Epoch: 1, val/loss_mel=21.069
2026-05-31 22:56:14,121	aishell_voice	INFO	Epoch 2/20 start, batches=134
2026-05-31 22:56:17,259	aishell_voice	INFO	Train Epoch: 2 [5%]
2026-05-31 22:56:17,259	aishell_voice	INFO	[140, 9.99875e-05]
2026-05-31 22:56:17,260	aishell_voice	INFO	loss_disc=3.852, loss_gen=3.451, loss_fm=8.847,loss_mel=21.563, loss_kl=2.158
2026-05-31 22:56:21,801	aishell_voice	INFO	Train Epoch: 2 [13%]
2026-05-31 22:56:21,801	aishell_voice	INFO	[150, 9.99875e-05]
2026-05-31 22:56:21,801	aishell_voice	INFO	loss_disc=4.187, loss_gen=3.891, loss_fm=13.230,loss_mel=22.482, loss_kl=2.022
2026-05-31 22:56:26,361	aishell_voice	INFO	Train Epoch: 2 [20%]
2026-05-31 22:56:26,361	aishell_voice	INFO	[160, 9.99875e-05]
2026-05-31 22:56:26,361	aishell_voice	INFO	loss_disc=3.739, loss_gen=3.607, loss_fm=11.444,loss_mel=21.805, loss_kl=1.912
2026-05-31 22:56:30,859	aishell_voice	INFO	Train Epoch: 2 [28%]
2026-05-31 22:56:30,859	aishell_voice	INFO	[170, 9.99875e-05]
2026-05-31 22:56:30,859	aishell_voice	INFO	loss_disc=3.785, loss_gen=3.265, loss_fm=10.819,loss_mel=20.836, loss_kl=2.051
2026-05-31 22:56:35,318	aishell_voice	INFO	Train Epoch: 2 [35%]
2026-05-31 22:56:35,318	aishell_voice	INFO	[180, 9.99875e-05]
2026-05-31 22:56:35,318	aishell_voice	INFO	loss_disc=3.595, loss_gen=3.546, loss_fm=11.236,loss_mel=19.909, loss_kl=2.027
2026-05-31 22:56:39,839	aishell_voice	INFO	Train Epoch: 2 [43%]
2026-05-31 22:56:39,839	aishell_voice	INFO	[190, 9.99875e-05]
2026-05-31 22:56:39,840	aishell_voice	INFO	loss_disc=3.842, loss_gen=3.652, loss_fm=12.202,loss_mel=21.284, loss_kl=1.992
2026-05-31 22:56:44,421	aishell_voice	INFO	Train Epoch: 2 [50%]
2026-05-31 22:56:44,421	aishell_voice	INFO	[200, 9.99875e-05]
2026-05-31 22:56:44,421	aishell_voice	INFO	loss_disc=3.690, loss_gen=3.650, loss_fm=10.495,loss_mel=21.038, loss_kl=1.656
2026-05-31 22:56:49,191	aishell_voice	INFO	Train Epoch: 2 [57%]
2026-05-31 22:56:49,191	aishell_voice	INFO	[210, 9.99875e-05]
2026-05-31 22:56:49,191	aishell_voice	INFO	loss_disc=3.838, loss_gen=3.950, loss_fm=7.383,loss_mel=19.861, loss_kl=1.442
2026-05-31 22:56:53,709	aishell_voice	INFO	Train Epoch: 2 [65%]
2026-05-31 22:56:53,709	aishell_voice	INFO	[220, 9.99875e-05]
2026-05-31 22:56:53,709	aishell_voice	INFO	loss_disc=3.675, loss_gen=4.139, loss_fm=12.385,loss_mel=21.619, loss_kl=2.113
2026-05-31 22:56:58,194	aishell_voice	INFO	Train Epoch: 2 [72%]
2026-05-31 22:56:58,194	aishell_voice	INFO	[230, 9.99875e-05]
2026-05-31 22:56:58,195	aishell_voice	INFO	loss_disc=3.689, loss_gen=4.064, loss_fm=9.877,loss_mel=20.909, loss_kl=1.451
2026-05-31 22:57:02,892	aishell_voice	INFO	Train Epoch: 2 [80%]
2026-05-31 22:57:02,892	aishell_voice	INFO	[240, 9.99875e-05]
2026-05-31 22:57:02,892	aishell_voice	INFO	loss_disc=4.338, loss_gen=3.448, loss_fm=10.436,loss_mel=20.363, loss_kl=1.502
2026-05-31 22:57:07,599	aishell_voice	INFO	Train Epoch: 2 [87%]
2026-05-31 22:57:07,600	aishell_voice	INFO	[250, 9.99875e-05]
2026-05-31 22:57:07,600	aishell_voice	INFO	loss_disc=3.822, loss_gen=3.750, loss_fm=8.558,loss_mel=20.469, loss_kl=1.794
2026-05-31 22:57:12,197	aishell_voice	INFO	Train Epoch: 2 [95%]
2026-05-31 22:57:12,197	aishell_voice	INFO	[260, 9.99875e-05]
2026-05-31 22:57:12,198	aishell_voice	INFO	loss_disc=3.979, loss_gen=3.541, loss_fm=7.997,loss_mel=19.699, loss_kl=1.634
2026-05-31 22:57:15,399	aishell_voice	INFO	Train Epoch: 2 [100%]
2026-05-31 22:57:15,399	aishell_voice	INFO	[267, 9.99875e-05]
2026-05-31 22:57:15,399	aishell_voice	INFO	loss_disc=4.162, loss_gen=3.013, loss_fm=8.848,loss_mel=21.271, loss_kl=2.249
2026-05-31 22:57:15,415	aishell_voice	INFO	Saving model and optimizer state at epoch 2 to ./logs\aishell_voice\G_2333333.pth
2026-05-31 22:57:16,014	aishell_voice	INFO	Saving model and optimizer state at epoch 2 to ./logs\aishell_voice\D_2333333.pth
2026-05-31 22:57:17,036	aishell_voice	INFO	saving ckpt aishell_voice_e2:Success.
2026-05-31 22:57:17,036	aishell_voice	INFO	====> Epoch: 2 [2026-05-31 22:57:17] | (0:01:02.915849)
2026-05-31 22:57:28,376	aishell_voice	INFO	Eval Epoch: 2, val/loss_mel=21.421
2026-05-31 22:57:28,380	aishell_voice	INFO	Epoch 3/20 start, batches=134
2026-05-31 22:57:29,714	aishell_voice	INFO	Train Epoch: 3 [2%]
2026-05-31 22:57:29,714	aishell_voice	INFO	[270, 9.99750015625e-05]
2026-05-31 22:57:29,716	aishell_voice	INFO	loss_disc=3.554, loss_gen=3.591, loss_fm=11.570,loss_mel=22.752, loss_kl=1.552
2026-05-31 22:57:34,158	aishell_voice	INFO	Train Epoch: 3 [10%]
2026-05-31 22:57:34,158	aishell_voice	INFO	[280, 9.99750015625e-05]
2026-05-31 22:57:34,158	aishell_voice	INFO	loss_disc=3.903, loss_gen=2.976, loss_fm=6.923,loss_mel=17.509, loss_kl=1.421
2026-05-31 22:57:38,630	aishell_voice	INFO	Train Epoch: 3 [17%]
2026-05-31 22:57:38,631	aishell_voice	INFO	[290, 9.99750015625e-05]
2026-05-31 22:57:38,632	aishell_voice	INFO	loss_disc=3.817, loss_gen=3.656, loss_fm=8.731,loss_mel=19.685, loss_kl=1.682
2026-05-31 22:57:43,129	aishell_voice	INFO	Train Epoch: 3 [25%]
2026-05-31 22:57:43,129	aishell_voice	INFO	[300, 9.99750015625e-05]
2026-05-31 22:57:43,129	aishell_voice	INFO	loss_disc=3.708, loss_gen=3.574, loss_fm=11.072,loss_mel=20.047, loss_kl=1.439
2026-05-31 22:57:47,703	aishell_voice	INFO	Train Epoch: 3 [32%]
2026-05-31 22:57:47,705	aishell_voice	INFO	[310, 9.99750015625e-05]
2026-05-31 22:57:47,705	aishell_voice	INFO	loss_disc=3.940, loss_gen=3.128, loss_fm=7.520,loss_mel=19.576, loss_kl=2.052
2026-05-31 22:57:52,188	aishell_voice	INFO	Train Epoch: 3 [40%]
2026-05-31 22:57:52,188	aishell_voice	INFO	[320, 9.99750015625e-05]
2026-05-31 22:57:52,188	aishell_voice	INFO	loss_disc=4.016, loss_gen=3.967, loss_fm=8.624,loss_mel=20.661, loss_kl=1.603
2026-05-31 22:57:56,735	aishell_voice	INFO	Train Epoch: 3 [47%]
2026-05-31 22:57:56,735	aishell_voice	INFO	[330, 9.99750015625e-05]
2026-05-31 22:57:56,736	aishell_voice	INFO	loss_disc=3.569, loss_gen=3.476, loss_fm=12.107,loss_mel=20.696, loss_kl=1.298
2026-05-31 22:58:01,321	aishell_voice	INFO	Train Epoch: 3 [54%]
2026-05-31 22:58:01,321	aishell_voice	INFO	[340, 9.99750015625e-05]
2026-05-31 22:58:01,321	aishell_voice	INFO	loss_disc=4.308, loss_gen=3.405, loss_fm=8.816,loss_mel=20.119, loss_kl=1.053
2026-05-31 22:58:06,028	aishell_voice	INFO	Train Epoch: 3 [62%]
2026-05-31 22:58:06,029	aishell_voice	INFO	[350, 9.99750015625e-05]
2026-05-31 22:58:06,029	aishell_voice	INFO	loss_disc=4.114, loss_gen=3.199, loss_fm=9.340,loss_mel=20.078, loss_kl=1.210
2026-05-31 22:58:10,620	aishell_voice	INFO	Train Epoch: 3 [69%]
2026-05-31 22:58:10,621	aishell_voice	INFO	[360, 9.99750015625e-05]
2026-05-31 22:58:10,621	aishell_voice	INFO	loss_disc=3.980, loss_gen=3.172, loss_fm=8.420,loss_mel=20.433, loss_kl=2.193
2026-05-31 22:58:15,230	aishell_voice	INFO	Train Epoch: 3 [77%]
2026-05-31 22:58:15,231	aishell_voice	INFO	[370, 9.99750015625e-05]
2026-05-31 22:58:15,231	aishell_voice	INFO	loss_disc=3.796, loss_gen=3.378, loss_fm=10.644,loss_mel=19.453, loss_kl=1.707
2026-05-31 22:58:19,795	aishell_voice	INFO	Train Epoch: 3 [84%]
2026-05-31 22:58:19,795	aishell_voice	INFO	[380, 9.99750015625e-05]
2026-05-31 22:58:19,795	aishell_voice	INFO	loss_disc=3.632, loss_gen=3.644, loss_fm=12.050,loss_mel=22.005, loss_kl=2.027
2026-05-31 22:58:24,315	aishell_voice	INFO	Train Epoch: 3 [92%]
2026-05-31 22:58:24,315	aishell_voice	INFO	[390, 9.99750015625e-05]
2026-05-31 22:58:24,316	aishell_voice	INFO	loss_disc=3.817, loss_gen=3.406, loss_fm=8.324,loss_mel=18.067, loss_kl=1.618
2026-05-31 22:58:28,841	aishell_voice	INFO	Train Epoch: 3 [99%]
2026-05-31 22:58:28,841	aishell_voice	INFO	[400, 9.99750015625e-05]
2026-05-31 22:58:28,842	aishell_voice	INFO	loss_disc=4.154, loss_gen=2.854, loss_fm=9.114,loss_mel=18.902, loss_kl=1.333
2026-05-31 22:58:29,634	aishell_voice	INFO	Train Epoch: 3 [100%]
2026-05-31 22:58:29,635	aishell_voice	INFO	[401, 9.99750015625e-05]
2026-05-31 22:58:29,635	aishell_voice	INFO	loss_disc=3.854, loss_gen=3.415, loss_fm=11.436,loss_mel=20.781, loss_kl=1.372
2026-05-31 22:58:29,654	aishell_voice	INFO	Saving model and optimizer state at epoch 3 to ./logs\aishell_voice\G_2333333.pth
2026-05-31 22:58:30,244	aishell_voice	INFO	Saving model and optimizer state at epoch 3 to ./logs\aishell_voice\D_2333333.pth
2026-05-31 22:58:31,304	aishell_voice	INFO	saving ckpt aishell_voice_e3:Success.
2026-05-31 22:58:31,304	aishell_voice	INFO	====> Epoch: 3 [2026-05-31 22:58:31] | (0:01:02.923527)
2026-05-31 22:58:43,173	aishell_voice	INFO	Eval Epoch: 3, val/loss_mel=20.407
2026-05-31 22:58:43,178	aishell_voice	INFO	Epoch 4/20 start, batches=134
2026-05-31 22:58:47,265	aishell_voice	INFO	Train Epoch: 4 [7%]
2026-05-31 22:58:47,265	aishell_voice	INFO	[410, 9.996250468730469e-05]
2026-05-31 22:58:47,265	aishell_voice	INFO	loss_disc=4.119, loss_gen=3.115, loss_fm=10.964,loss_mel=18.699, loss_kl=1.724
2026-05-31 22:58:51,743	aishell_voice	INFO	Train Epoch: 4 [14%]
2026-05-31 22:58:51,744	aishell_voice	INFO	[420, 9.996250468730469e-05]
2026-05-31 22:58:51,744	aishell_voice	INFO	loss_disc=4.059, loss_gen=3.689, loss_fm=11.548,loss_mel=20.084, loss_kl=1.934
2026-05-31 22:58:56,217	aishell_voice	INFO	Train Epoch: 4 [22%]
2026-05-31 22:58:56,217	aishell_voice	INFO	[430, 9.996250468730469e-05]
2026-05-31 22:58:56,217	aishell_voice	INFO	loss_disc=3.919, loss_gen=3.170, loss_fm=8.500,loss_mel=18.719, loss_kl=1.430
2026-05-31 22:59:00,849	aishell_voice	INFO	Train Epoch: 4 [29%]
2026-05-31 22:59:00,849	aishell_voice	INFO	[440, 9.996250468730469e-05]
2026-05-31 22:59:00,850	aishell_voice	INFO	loss_disc=3.714, loss_gen=3.573, loss_fm=7.903,loss_mel=16.601, loss_kl=1.302
2026-05-31 22:59:05,425	aishell_voice	INFO	Train Epoch: 4 [37%]
2026-05-31 22:59:05,425	aishell_voice	INFO	[450, 9.996250468730469e-05]
2026-05-31 22:59:05,426	aishell_voice	INFO	loss_disc=4.046, loss_gen=3.001, loss_fm=9.267,loss_mel=19.206, loss_kl=0.992
2026-05-31 22:59:10,091	aishell_voice	INFO	Train Epoch: 4 [44%]
2026-05-31 22:59:10,091	aishell_voice	INFO	[460, 9.996250468730469e-05]
2026-05-31 22:59:10,091	aishell_voice	INFO	loss_disc=4.330, loss_gen=3.290, loss_fm=7.378,loss_mel=18.508, loss_kl=1.421
2026-05-31 22:59:14,672	aishell_voice	INFO	Train Epoch: 4 [51%]
2026-05-31 22:59:14,672	aishell_voice	INFO	[470, 9.996250468730469e-05]
2026-05-31 22:59:14,672	aishell_voice	INFO	loss_disc=3.832, loss_gen=3.269, loss_fm=8.651,loss_mel=19.416, loss_kl=1.587
2026-05-31 22:59:19,187	aishell_voice	INFO	Train Epoch: 4 [59%]
2026-05-31 22:59:19,187	aishell_voice	INFO	[480, 9.996250468730469e-05]
2026-05-31 22:59:19,187	aishell_voice	INFO	loss_disc=3.943, loss_gen=3.457, loss_fm=8.057,loss_mel=18.511, loss_kl=1.374
2026-05-31 22:59:23,793	aishell_voice	INFO	Train Epoch: 4 [66%]
2026-05-31 22:59:23,793	aishell_voice	INFO	[490, 9.996250468730469e-05]
2026-05-31 22:59:23,793	aishell_voice	INFO	loss_disc=3.785, loss_gen=3.406, loss_fm=9.887,loss_mel=20.003, loss_kl=2.237
2026-05-31 22:59:28,403	aishell_voice	INFO	Train Epoch: 4 [74%]
2026-05-31 22:59:28,403	aishell_voice	INFO	[500, 9.996250468730469e-05]
2026-05-31 22:59:28,404	aishell_voice	INFO	loss_disc=3.833, loss_gen=3.628, loss_fm=10.521,loss_mel=21.414, loss_kl=1.802
2026-05-31 22:59:33,043	aishell_voice	INFO	Train Epoch: 4 [81%]
2026-05-31 22:59:33,044	aishell_voice	INFO	[510, 9.996250468730469e-05]
2026-05-31 22:59:33,044	aishell_voice	INFO	loss_disc=4.036, loss_gen=3.204, loss_fm=8.641,loss_mel=19.303, loss_kl=1.334
2026-05-31 22:59:37,588	aishell_voice	INFO	Train Epoch: 4 [89%]
2026-05-31 22:59:37,589	aishell_voice	INFO	[520, 9.996250468730469e-05]
2026-05-31 22:59:37,589	aishell_voice	INFO	loss_disc=3.804, loss_gen=3.122, loss_fm=7.038,loss_mel=17.837, loss_kl=1.919
2026-05-31 22:59:42,183	aishell_voice	INFO	Train Epoch: 4 [96%]
2026-05-31 22:59:42,184	aishell_voice	INFO	[530, 9.996250468730469e-05]
2026-05-31 22:59:42,184	aishell_voice	INFO	loss_disc=3.977, loss_gen=3.450, loss_fm=11.770,loss_mel=20.684, loss_kl=1.692
2026-05-31 22:59:44,500	aishell_voice	INFO	Train Epoch: 4 [100%]
2026-05-31 22:59:44,501	aishell_voice	INFO	[535, 9.996250468730469e-05]
2026-05-31 22:59:44,501	aishell_voice	INFO	loss_disc=4.233, loss_gen=3.364, loss_fm=12.154,loss_mel=21.068, loss_kl=1.227
2026-05-31 22:59:44,520	aishell_voice	INFO	Saving model and optimizer state at epoch 4 to ./logs\aishell_voice\G_2333333.pth
2026-05-31 22:59:45,083	aishell_voice	INFO	Saving model and optimizer state at epoch 4 to ./logs\aishell_voice\D_2333333.pth
2026-05-31 22:59:46,073	aishell_voice	INFO	saving ckpt aishell_voice_e4:Success.
2026-05-31 22:59:46,073	aishell_voice	INFO	====> Epoch: 4 [2026-05-31 22:59:46] | (0:01:02.894615)
2026-05-31 22:59:58,020	aishell_voice	INFO	Eval Epoch: 4, val/loss_mel=20.561
2026-05-31 22:59:58,025	aishell_voice	INFO	Epoch 5/20 start, batches=134
2026-05-31 23:00:00,285	aishell_voice	INFO	Train Epoch: 5 [4%]
2026-05-31 23:00:00,285	aishell_voice	INFO	[540, 9.995000937421877e-05]
2026-05-31 23:00:00,285	aishell_voice	INFO	loss_disc=3.873, loss_gen=3.341, loss_fm=8.594,loss_mel=19.498, loss_kl=1.618
2026-05-31 23:00:04,851	aishell_voice	INFO	Train Epoch: 5 [11%]
2026-05-31 23:00:04,851	aishell_voice	INFO	[550, 9.995000937421877e-05]
2026-05-31 23:00:04,851	aishell_voice	INFO	loss_disc=4.004, loss_gen=3.127, loss_fm=8.928,loss_mel=19.480, loss_kl=1.115
2026-05-31 23:00:09,472	aishell_voice	INFO	Train Epoch: 5 [19%]
2026-05-31 23:00:09,472	aishell_voice	INFO	[560, 9.995000937421877e-05]
2026-05-31 23:00:09,472	aishell_voice	INFO	loss_disc=3.793, loss_gen=3.411, loss_fm=8.657,loss_mel=19.270, loss_kl=1.479
2026-05-31 23:00:14,024	aishell_voice	INFO	Train Epoch: 5 [26%]
2026-05-31 23:00:14,025	aishell_voice	INFO	[570, 9.995000937421877e-05]
2026-05-31 23:00:14,025	aishell_voice	INFO	loss_disc=4.167, loss_gen=2.983, loss_fm=5.741,loss_mel=18.117, loss_kl=1.677
2026-05-31 23:00:18,585	aishell_voice	INFO	Train Epoch: 5 [34%]
2026-05-31 23:00:18,586	aishell_voice	INFO	[580, 9.995000937421877e-05]
2026-05-31 23:00:18,586	aishell_voice	INFO	loss_disc=3.692, loss_gen=3.879, loss_fm=11.889,loss_mel=20.667, loss_kl=1.575
2026-05-31 23:00:23,167	aishell_voice	INFO	Train Epoch: 5 [41%]
2026-05-31 23:00:23,167	aishell_voice	INFO	[590, 9.995000937421877e-05]
2026-05-31 23:00:23,167	aishell_voice	INFO	loss_disc=4.296, loss_gen=3.141, loss_fm=6.743,loss_mel=19.455, loss_kl=1.402
2026-05-31 23:00:27,728	aishell_voice	INFO	Train Epoch: 5 [49%]
2026-05-31 23:00:27,729	aishell_voice	INFO	[600, 9.995000937421877e-05]
2026-05-31 23:00:27,729	aishell_voice	INFO	loss_disc=3.915, loss_gen=3.706, loss_fm=12.012,loss_mel=20.069, loss_kl=1.548
2026-05-31 23:00:32,657	aishell_voice	INFO	Train Epoch: 5 [56%]
2026-05-31 23:00:32,657	aishell_voice	INFO	[610, 9.995000937421877e-05]
2026-05-31 23:00:32,657	aishell_voice	INFO	loss_disc=3.656, loss_gen=3.401, loss_fm=8.130,loss_mel=18.012, loss_kl=0.530
2026-05-31 23:00:37,126	aishell_voice	INFO	Train Epoch: 5 [63%]
2026-05-31 23:00:37,127	aishell_voice	INFO	[620, 9.995000937421877e-05]
2026-05-31 23:00:37,127	aishell_voice	INFO	loss_disc=3.997, loss_gen=3.160, loss_fm=9.995,loss_mel=19.306, loss_kl=1.789
2026-05-31 23:00:41,716	aishell_voice	INFO	Train Epoch: 5 [71%]
2026-05-31 23:00:41,717	aishell_voice	INFO	[630, 9.995000937421877e-05]
2026-05-31 23:00:41,717	aishell_voice	INFO	loss_disc=3.919, loss_gen=3.611, loss_fm=9.439,loss_mel=19.332, loss_kl=1.337
2026-05-31 23:00:46,326	aishell_voice	INFO	Train Epoch: 5 [78%]
2026-05-31 23:00:46,326	aishell_voice	INFO	[640, 9.995000937421877e-05]
2026-05-31 23:00:46,326	aishell_voice	INFO	loss_disc=4.159, loss_gen=2.822, loss_fm=7.507,loss_mel=19.441, loss_kl=1.531
2026-05-31 23:00:50,891	aishell_voice	INFO	Train Epoch: 5 [86%]
2026-05-31 23:00:50,892	aishell_voice	INFO	[650, 9.995000937421877e-05]
2026-05-31 23:00:50,892	aishell_voice	INFO	loss_disc=4.201, loss_gen=3.153, loss_fm=7.306,loss_mel=20.813, loss_kl=1.601
2026-05-31 23:00:55,551	aishell_voice	INFO	Train Epoch: 5 [93%]
2026-05-31 23:00:55,551	aishell_voice	INFO	[660, 9.995000937421877e-05]
2026-05-31 23:00:55,552	aishell_voice	INFO	loss_disc=3.774, loss_gen=3.467, loss_fm=10.353,loss_mel=21.339, loss_kl=1.695
2026-05-31 23:00:59,703	aishell_voice	INFO	Train Epoch: 5 [100%]
2026-05-31 23:00:59,703	aishell_voice	INFO	[669, 9.995000937421877e-05]
2026-05-31 23:00:59,705	aishell_voice	INFO	loss_disc=4.072, loss_gen=3.028, loss_fm=12.304,loss_mel=19.697, loss_kl=0.983
2026-05-31 23:00:59,720	aishell_voice	INFO	Saving model and optimizer state at epoch 5 to ./logs\aishell_voice\G_2333333.pth
2026-05-31 23:01:00,313	aishell_voice	INFO	Saving model and optimizer state at epoch 5 to ./logs\aishell_voice\D_2333333.pth
2026-05-31 23:01:01,326	aishell_voice	INFO	saving ckpt aishell_voice_e5:Success.
2026-05-31 23:01:01,326	aishell_voice	INFO	====> Epoch: 5 [2026-05-31 23:01:01] | (0:01:03.301080)
2026-05-31 23:01:13,357	aishell_voice	INFO	Eval Epoch: 5, val/loss_mel=19.891
2026-05-31 23:01:13,361	aishell_voice	INFO	Epoch 6/20 start, batches=134
2026-05-31 23:01:13,831	aishell_voice	INFO	Train Epoch: 6 [1%]
2026-05-31 23:01:13,831	aishell_voice	INFO	[670, 9.993751562304699e-05]
2026-05-31 23:01:13,832	aishell_voice	INFO	loss_disc=4.226, loss_gen=3.278, loss_fm=8.865,loss_mel=19.345, loss_kl=1.586
2026-05-31 23:01:18,393	aishell_voice	INFO	Train Epoch: 6 [8%]
2026-05-31 23:01:18,393	aishell_voice	INFO	[680, 9.993751562304699e-05]
2026-05-31 23:01:18,394	aishell_voice	INFO	loss_disc=4.185, loss_gen=3.067, loss_fm=8.007,loss_mel=18.278, loss_kl=1.352
2026-05-31 23:01:22,959	aishell_voice	INFO	Train Epoch: 6 [16%]
2026-05-31 23:01:22,960	aishell_voice	INFO	[690, 9.993751562304699e-05]
2026-05-31 23:01:22,960	aishell_voice	INFO	loss_disc=3.728, loss_gen=3.654, loss_fm=11.316,loss_mel=19.294, loss_kl=1.718
2026-05-31 23:01:27,550	aishell_voice	INFO	Train Epoch: 6 [23%]
2026-05-31 23:01:27,550	aishell_voice	INFO	[700, 9.993751562304699e-05]
2026-05-31 23:01:27,551	aishell_voice	INFO	loss_disc=3.985, loss_gen=3.456, loss_fm=10.871,loss_mel=19.068, loss_kl=1.339
2026-05-31 23:01:32,217	aishell_voice	INFO	Train Epoch: 6 [31%]
2026-05-31 23:01:32,217	aishell_voice	INFO	[710, 9.993751562304699e-05]
2026-05-31 23:01:32,218	aishell_voice	INFO	loss_disc=3.718, loss_gen=3.290, loss_fm=9.218,loss_mel=18.094, loss_kl=1.680
2026-05-31 23:01:36,682	aishell_voice	INFO	Train Epoch: 6 [38%]
2026-05-31 23:01:36,682	aishell_voice	INFO	[720, 9.993751562304699e-05]
2026-05-31 23:01:36,682	aishell_voice	INFO	loss_disc=3.938, loss_gen=3.392, loss_fm=8.083,loss_mel=18.967, loss_kl=1.394
2026-05-31 23:01:41,210	aishell_voice	INFO	Train Epoch: 6 [46%]
2026-05-31 23:01:41,210	aishell_voice	INFO	[730, 9.993751562304699e-05]
2026-05-31 23:01:41,210	aishell_voice	INFO	loss_disc=3.834, loss_gen=3.264, loss_fm=9.870,loss_mel=19.395, loss_kl=1.496
2026-05-31 23:01:45,818	aishell_voice	INFO	Train Epoch: 6 [53%]
2026-05-31 23:01:45,818	aishell_voice	INFO	[740, 9.993751562304699e-05]
2026-05-31 23:01:45,818	aishell_voice	INFO	loss_disc=3.730, loss_gen=3.593, loss_fm=9.771,loss_mel=20.315, loss_kl=2.164
2026-05-31 23:01:50,359	aishell_voice	INFO	Train Epoch: 6 [60%]
2026-05-31 23:01:50,359	aishell_voice	INFO	[750, 9.993751562304699e-05]
2026-05-31 23:01:50,359	aishell_voice	INFO	loss_disc=3.743, loss_gen=3.687, loss_fm=9.752,loss_mel=18.382, loss_kl=1.512
2026-05-31 23:01:54,988	aishell_voice	INFO	Train Epoch: 6 [68%]
2026-05-31 23:01:54,988	aishell_voice	INFO	[760, 9.993751562304699e-05]
2026-05-31 23:01:54,988	aishell_voice	INFO	loss_disc=3.555, loss_gen=3.707, loss_fm=11.514,loss_mel=20.662, loss_kl=1.537
2026-05-31 23:01:59,718	aishell_voice	INFO	Train Epoch: 6 [75%]
2026-05-31 23:01:59,718	aishell_voice	INFO	[770, 9.993751562304699e-05]
2026-05-31 23:01:59,718	aishell_voice	INFO	loss_disc=3.750, loss_gen=3.368, loss_fm=8.239,loss_mel=18.174, loss_kl=1.608
2026-05-31 23:02:04,393	aishell_voice	INFO	Train Epoch: 6 [83%]
2026-05-31 23:02:04,393	aishell_voice	INFO	[780, 9.993751562304699e-05]
2026-05-31 23:02:04,393	aishell_voice	INFO	loss_disc=3.964, loss_gen=3.334, loss_fm=6.921,loss_mel=18.324, loss_kl=1.625
2026-05-31 23:02:08,999	aishell_voice	INFO	Train Epoch: 6 [90%]
2026-05-31 23:02:08,999	aishell_voice	INFO	[790, 9.993751562304699e-05]
2026-05-31 23:02:08,999	aishell_voice	INFO	loss_disc=4.021, loss_gen=3.000, loss_fm=7.593,loss_mel=17.584, loss_kl=2.052
2026-05-31 23:02:13,775	aishell_voice	INFO	Train Epoch: 6 [98%]
2026-05-31 23:02:13,775	aishell_voice	INFO	[800, 9.993751562304699e-05]
2026-05-31 23:02:13,775	aishell_voice	INFO	loss_disc=3.989, loss_gen=3.073, loss_fm=6.279,loss_mel=17.496, loss_kl=1.790
2026-05-31 23:02:15,578	aishell_voice	INFO	Train Epoch: 6 [100%]
2026-05-31 23:02:15,578	aishell_voice	INFO	[803, 9.993751562304699e-05]
2026-05-31 23:02:15,578	aishell_voice	INFO	loss_disc=3.939, loss_gen=3.279, loss_fm=9.789,loss_mel=19.993, loss_kl=1.690
2026-05-31 23:02:15,598	aishell_voice	INFO	Saving model and optimizer state at epoch 6 to ./logs\aishell_voice\G_2333333.pth
2026-05-31 23:02:16,280	aishell_voice	INFO	Saving model and optimizer state at epoch 6 to ./logs\aishell_voice\D_2333333.pth
2026-05-31 23:02:17,430	aishell_voice	INFO	saving ckpt aishell_voice_e6:Success.
2026-05-31 23:02:17,430	aishell_voice	INFO	====> Epoch: 6 [2026-05-31 23:02:17] | (0:01:04.067069)
2026-05-31 23:02:30,150	aishell_voice	INFO	Eval Epoch: 6, val/loss_mel=18.624
2026-05-31 23:02:30,155	aishell_voice	INFO	Epoch 7/20 start, batches=134
2026-05-31 23:02:33,399	aishell_voice	INFO	Train Epoch: 7 [5%]
2026-05-31 23:02:33,399	aishell_voice	INFO	[810, 9.99250234335941e-05]
2026-05-31 23:02:33,399	aishell_voice	INFO	loss_disc=4.080, loss_gen=3.113, loss_fm=7.558,loss_mel=18.038, loss_kl=1.666
2026-05-31 23:02:37,930	aishell_voice	INFO	Train Epoch: 7 [13%]
2026-05-31 23:02:37,930	aishell_voice	INFO	[820, 9.99250234335941e-05]
2026-05-31 23:02:37,930	aishell_voice	INFO	loss_disc=4.279, loss_gen=3.363, loss_fm=10.469,loss_mel=19.356, loss_kl=1.578
2026-05-31 23:02:42,436	aishell_voice	INFO	Train Epoch: 7 [20%]
2026-05-31 23:02:42,437	aishell_voice	INFO	[830, 9.99250234335941e-05]
2026-05-31 23:02:42,437	aishell_voice	INFO	loss_disc=4.038, loss_gen=3.127, loss_fm=8.810,loss_mel=18.880, loss_kl=1.451
2026-05-31 23:02:47,002	aishell_voice	INFO	Train Epoch: 7 [28%]
2026-05-31 23:02:47,002	aishell_voice	INFO	[840, 9.99250234335941e-05]
2026-05-31 23:02:47,002	aishell_voice	INFO	loss_disc=3.905, loss_gen=4.068, loss_fm=9.037,loss_mel=19.345, loss_kl=0.946
2026-05-31 23:02:51,631	aishell_voice	INFO	Train Epoch: 7 [35%]
2026-05-31 23:02:51,631	aishell_voice	INFO	[850, 9.99250234335941e-05]
2026-05-31 23:02:51,632	aishell_voice	INFO	loss_disc=4.029, loss_gen=3.380, loss_fm=8.858,loss_mel=19.119, loss_kl=1.461
2026-05-31 23:02:56,210	aishell_voice	INFO	Train Epoch: 7 [43%]
2026-05-31 23:02:56,211	aishell_voice	INFO	[860, 9.99250234335941e-05]
2026-05-31 23:02:56,211	aishell_voice	INFO	loss_disc=4.144, loss_gen=2.746, loss_fm=8.269,loss_mel=21.043, loss_kl=0.995
2026-05-31 23:03:00,915	aishell_voice	INFO	Train Epoch: 7 [50%]
2026-05-31 23:03:00,915	aishell_voice	INFO	[870, 9.99250234335941e-05]
2026-05-31 23:03:00,915	aishell_voice	INFO	loss_disc=4.167, loss_gen=2.970, loss_fm=6.614,loss_mel=18.069, loss_kl=1.371
2026-05-31 23:03:05,880	aishell_voice	INFO	Train Epoch: 7 [57%]
2026-05-31 23:03:05,881	aishell_voice	INFO	[880, 9.99250234335941e-05]
2026-05-31 23:03:05,881	aishell_voice	INFO	loss_disc=4.054, loss_gen=3.114, loss_fm=6.100,loss_mel=17.280, loss_kl=1.000
2026-05-31 23:03:11,030	aishell_voice	INFO	Train Epoch: 7 [65%]
2026-05-31 23:03:11,030	aishell_voice	INFO	[890, 9.99250234335941e-05]
2026-05-31 23:03:11,030	aishell_voice	INFO	loss_disc=4.113, loss_gen=3.098, loss_fm=9.843,loss_mel=20.581, loss_kl=0.780
2026-05-31 23:03:15,820	aishell_voice	INFO	Train Epoch: 7 [72%]
2026-05-31 23:03:15,820	aishell_voice	INFO	[900, 9.99250234335941e-05]
2026-05-31 23:03:15,820	aishell_voice	INFO	loss_disc=3.940, loss_gen=3.730, loss_fm=7.509,loss_mel=17.267, loss_kl=0.726
2026-05-31 23:03:20,562	aishell_voice	INFO	Train Epoch: 7 [80%]
2026-05-31 23:03:20,562	aishell_voice	INFO	[910, 9.99250234335941e-05]
2026-05-31 23:03:20,562	aishell_voice	INFO	loss_disc=3.682, loss_gen=3.502, loss_fm=12.149,loss_mel=18.424, loss_kl=1.045
2026-05-31 23:03:25,098	aishell_voice	INFO	Train Epoch: 7 [87%]
2026-05-31 23:03:25,098	aishell_voice	INFO	[920, 9.99250234335941e-05]
2026-05-31 23:03:25,098	aishell_voice	INFO	loss_disc=3.962, loss_gen=3.144, loss_fm=6.892,loss_mel=16.807, loss_kl=1.389
2026-05-31 23:03:29,877	aishell_voice	INFO	Train Epoch: 7 [95%]
2026-05-31 23:03:29,877	aishell_voice	INFO	[930, 9.99250234335941e-05]
2026-05-31 23:03:29,879	aishell_voice	INFO	loss_disc=3.852, loss_gen=3.077, loss_fm=8.494,loss_mel=16.867, loss_kl=1.024
2026-05-31 23:03:33,325	aishell_voice	INFO	Train Epoch: 7 [100%]
2026-05-31 23:03:33,326	aishell_voice	INFO	[937, 9.99250234335941e-05]
2026-05-31 23:03:33,326	aishell_voice	INFO	loss_disc=3.705, loss_gen=3.576, loss_fm=8.764,loss_mel=17.220, loss_kl=1.422
2026-05-31 23:03:33,341	aishell_voice	INFO	Saving model and optimizer state at epoch 7 to ./logs\aishell_voice\G_2333333.pth
2026-05-31 23:03:33,911	aishell_voice	INFO	Saving model and optimizer state at epoch 7 to ./logs\aishell_voice\D_2333333.pth
2026-05-31 23:03:34,932	aishell_voice	INFO	saving ckpt aishell_voice_e7:Success.
2026-05-31 23:03:34,932	aishell_voice	INFO	====> Epoch: 7 [2026-05-31 23:03:34] | (0:01:04.776644)
2026-05-31 23:03:47,991	aishell_voice	INFO	Eval Epoch: 7, val/loss_mel=18.176
2026-05-31 23:03:47,996	aishell_voice	INFO	Epoch 8/20 start, batches=134
2026-05-31 23:03:49,363	aishell_voice	INFO	Train Epoch: 8 [2%]
2026-05-31 23:03:49,365	aishell_voice	INFO	[940, 9.991253280566489e-05]
2026-05-31 23:03:49,365	aishell_voice	INFO	loss_disc=3.782, loss_gen=3.558, loss_fm=11.514,loss_mel=18.696, loss_kl=1.094
2026-05-31 23:03:53,857	aishell_voice	INFO	Train Epoch: 8 [10%]
2026-05-31 23:03:53,858	aishell_voice	INFO	[950, 9.991253280566489e-05]
2026-05-31 23:03:53,858	aishell_voice	INFO	loss_disc=3.899, loss_gen=3.577, loss_fm=9.178,loss_mel=18.007, loss_kl=1.493
2026-05-31 23:03:58,210	aishell_voice	INFO	Train Epoch: 8 [17%]
2026-05-31 23:03:58,210	aishell_voice	INFO	[960, 9.991253280566489e-05]
2026-05-31 23:03:58,210	aishell_voice	INFO	loss_disc=3.718, loss_gen=3.721, loss_fm=11.403,loss_mel=19.093, loss_kl=1.240
2026-05-31 23:04:02,599	aishell_voice	INFO	Train Epoch: 8 [25%]
2026-05-31 23:04:02,599	aishell_voice	INFO	[970, 9.991253280566489e-05]
2026-05-31 23:04:02,599	aishell_voice	INFO	loss_disc=4.068, loss_gen=3.263, loss_fm=7.599,loss_mel=16.057, loss_kl=1.295
2026-05-31 23:04:06,945	aishell_voice	INFO	Train Epoch: 8 [32%]
2026-05-31 23:04:06,945	aishell_voice	INFO	[980, 9.991253280566489e-05]
2026-05-31 23:04:06,946	aishell_voice	INFO	loss_disc=3.880, loss_gen=3.129, loss_fm=10.531,loss_mel=19.215, loss_kl=1.556
2026-05-31 23:04:11,278	aishell_voice	INFO	Train Epoch: 8 [40%]
2026-05-31 23:04:11,278	aishell_voice	INFO	[990, 9.991253280566489e-05]
2026-05-31 23:04:11,279	aishell_voice	INFO	loss_disc=3.909, loss_gen=3.189, loss_fm=8.942,loss_mel=16.929, loss_kl=1.761
2026-05-31 23:04:15,754	aishell_voice	INFO	Train Epoch: 8 [47%]
2026-05-31 23:04:15,755	aishell_voice	INFO	[1000, 9.991253280566489e-05]
2026-05-31 23:04:15,755	aishell_voice	INFO	loss_disc=4.337, loss_gen=3.647, loss_fm=10.124,loss_mel=19.568, loss_kl=1.635
2026-05-31 23:04:20,783	aishell_voice	INFO	Train Epoch: 8 [54%]
2026-05-31 23:04:20,784	aishell_voice	INFO	[1010, 9.991253280566489e-05]
2026-05-31 23:04:20,784	aishell_voice	INFO	loss_disc=4.111, loss_gen=3.318, loss_fm=10.988,loss_mel=20.289, loss_kl=1.491
2026-05-31 23:04:25,562	aishell_voice	INFO	Train Epoch: 8 [62%]
2026-05-31 23:04:25,562	aishell_voice	INFO	[1020, 9.991253280566489e-05]
2026-05-31 23:04:25,563	aishell_voice	INFO	loss_disc=3.921, loss_gen=3.034, loss_fm=8.528,loss_mel=18.627, loss_kl=1.303
2026-05-31 23:04:30,383	aishell_voice	INFO	Train Epoch: 8 [69%]
2026-05-31 23:04:30,383	aishell_voice	INFO	[1030, 9.991253280566489e-05]
2026-05-31 23:04:30,383	aishell_voice	INFO	loss_disc=3.888, loss_gen=3.119, loss_fm=8.177,loss_mel=18.249, loss_kl=1.516
2026-05-31 23:04:35,215	aishell_voice	INFO	Train Epoch: 8 [77%]
2026-05-31 23:04:35,215	aishell_voice	INFO	[1040, 9.991253280566489e-05]
2026-05-31 23:04:35,216	aishell_voice	INFO	loss_disc=4.157, loss_gen=3.180, loss_fm=7.139,loss_mel=18.336, loss_kl=1.363
2026-05-31 23:04:40,025	aishell_voice	INFO	Train Epoch: 8 [84%]
2026-05-31 23:04:40,025	aishell_voice	INFO	[1050, 9.991253280566489e-05]
2026-05-31 23:04:40,025	aishell_voice	INFO	loss_disc=3.695, loss_gen=3.400, loss_fm=10.145,loss_mel=18.128, loss_kl=1.120
2026-05-31 23:04:44,970	aishell_voice	INFO	Train Epoch: 8 [92%]
2026-05-31 23:04:44,970	aishell_voice	INFO	[1060, 9.991253280566489e-05]
2026-05-31 23:04:44,970	aishell_voice	INFO	loss_disc=3.644, loss_gen=3.522, loss_fm=7.842,loss_mel=17.662, loss_kl=0.768
2026-05-31 23:04:49,648	aishell_voice	INFO	Train Epoch: 8 [99%]
2026-05-31 23:04:49,648	aishell_voice	INFO	[1070, 9.991253280566489e-05]
2026-05-31 23:04:49,649	aishell_voice	INFO	loss_disc=3.917, loss_gen=3.313, loss_fm=12.462,loss_mel=19.759, loss_kl=1.740
2026-05-31 23:04:50,174	aishell_voice	INFO	Train Epoch: 8 [100%]
2026-05-31 23:04:50,175	aishell_voice	INFO	[1071, 9.991253280566489e-05]
2026-05-31 23:04:50,175	aishell_voice	INFO	loss_disc=4.076, loss_gen=3.482, loss_fm=9.536,loss_mel=17.936, loss_kl=0.841
2026-05-31 23:04:50,192	aishell_voice	INFO	Saving model and optimizer state at epoch 8 to ./logs\aishell_voice\G_2333333.pth
2026-05-31 23:04:50,763	aishell_voice	INFO	Saving model and optimizer state at epoch 8 to ./logs\aishell_voice\D_2333333.pth
2026-05-31 23:04:51,974	aishell_voice	INFO	saving ckpt aishell_voice_e8:Success.
2026-05-31 23:04:51,974	aishell_voice	INFO	====> Epoch: 8 [2026-05-31 23:04:51] | (0:01:03.976639)
2026-05-31 23:05:03,223	aishell_voice	INFO	Eval Epoch: 8, val/loss_mel=18.285
2026-05-31 23:05:03,227	aishell_voice	INFO	Epoch 9/20 start, batches=134
2026-05-31 23:05:07,127	aishell_voice	INFO	Train Epoch: 9 [7%]
2026-05-31 23:05:07,127	aishell_voice	INFO	[1080, 9.990004373906418e-05]
2026-05-31 23:05:07,127	aishell_voice	INFO	loss_disc=3.977, loss_gen=3.182, loss_fm=11.391,loss_mel=18.989, loss_kl=1.842
2026-05-31 23:05:11,375	aishell_voice	INFO	Train Epoch: 9 [14%]
2026-05-31 23:05:11,375	aishell_voice	INFO	[1090, 9.990004373906418e-05]
2026-05-31 23:05:11,375	aishell_voice	INFO	loss_disc=4.173, loss_gen=3.373, loss_fm=8.085,loss_mel=19.729, loss_kl=1.603
2026-05-31 23:05:15,685	aishell_voice	INFO	Train Epoch: 9 [22%]
2026-05-31 23:05:15,685	aishell_voice	INFO	[1100, 9.990004373906418e-05]
2026-05-31 23:05:15,685	aishell_voice	INFO	loss_disc=3.918, loss_gen=3.260, loss_fm=9.585,loss_mel=18.543, loss_kl=1.061
2026-05-31 23:05:19,951	aishell_voice	INFO	Train Epoch: 9 [29%]
2026-05-31 23:05:19,951	aishell_voice	INFO	[1110, 9.990004373906418e-05]
2026-05-31 23:05:19,951	aishell_voice	INFO	loss_disc=3.731, loss_gen=3.492, loss_fm=10.604,loss_mel=18.797, loss_kl=1.340
2026-05-31 23:05:24,246	aishell_voice	INFO	Train Epoch: 9 [37%]
2026-05-31 23:05:24,247	aishell_voice	INFO	[1120, 9.990004373906418e-05]
2026-05-31 23:05:24,247	aishell_voice	INFO	loss_disc=3.847, loss_gen=3.688, loss_fm=10.963,loss_mel=19.798, loss_kl=1.097
2026-05-31 23:05:28,525	aishell_voice	INFO	Train Epoch: 9 [44%]
2026-05-31 23:05:28,526	aishell_voice	INFO	[1130, 9.990004373906418e-05]
2026-05-31 23:05:28,526	aishell_voice	INFO	loss_disc=4.021, loss_gen=3.251, loss_fm=10.669,loss_mel=20.088, loss_kl=1.677
2026-05-31 23:05:32,878	aishell_voice	INFO	Train Epoch: 9 [51%]
2026-05-31 23:05:32,878	aishell_voice	INFO	[1140, 9.990004373906418e-05]
2026-05-31 23:05:32,878	aishell_voice	INFO	loss_disc=3.722, loss_gen=3.192, loss_fm=10.116,loss_mel=17.973, loss_kl=1.268
2026-05-31 23:05:37,310	aishell_voice	INFO	Train Epoch: 9 [59%]
2026-05-31 23:05:37,311	aishell_voice	INFO	[1150, 9.990004373906418e-05]
2026-05-31 23:05:37,311	aishell_voice	INFO	loss_disc=3.843, loss_gen=3.459, loss_fm=8.556,loss_mel=17.376, loss_kl=1.243
2026-05-31 23:05:41,702	aishell_voice	INFO	Train Epoch: 9 [66%]
2026-05-31 23:05:41,703	aishell_voice	INFO	[1160, 9.990004373906418e-05]
2026-05-31 23:05:41,703	aishell_voice	INFO	loss_disc=3.981, loss_gen=3.188, loss_fm=7.432,loss_mel=17.522, loss_kl=1.347
2026-05-31 23:05:46,227	aishell_voice	INFO	Train Epoch: 9 [74%]
2026-05-31 23:05:46,227	aishell_voice	INFO	[1170, 9.990004373906418e-05]
2026-05-31 23:05:46,227	aishell_voice	INFO	loss_disc=3.877, loss_gen=3.502, loss_fm=8.808,loss_mel=18.006, loss_kl=1.623
2026-05-31 23:05:50,472	aishell_voice	INFO	Train Epoch: 9 [81%]
2026-05-31 23:05:50,472	aishell_voice	INFO	[1180, 9.990004373906418e-05]
2026-05-31 23:05:50,472	aishell_voice	INFO	loss_disc=4.093, loss_gen=2.873, loss_fm=6.207,loss_mel=16.301, loss_kl=1.646
2026-05-31 23:05:54,767	aishell_voice	INFO	Train Epoch: 9 [89%]
2026-05-31 23:05:54,769	aishell_voice	INFO	[1190, 9.990004373906418e-05]
2026-05-31 23:05:54,769	aishell_voice	INFO	loss_disc=3.713, loss_gen=3.214, loss_fm=11.020,loss_mel=18.854, loss_kl=0.960
2026-05-31 23:05:59,996	aishell_voice	INFO	Train Epoch: 9 [96%]
2026-05-31 23:05:59,996	aishell_voice	INFO	[1200, 9.990004373906418e-05]
2026-05-31 23:05:59,996	aishell_voice	INFO	loss_disc=3.998, loss_gen=3.265, loss_fm=10.295,loss_mel=17.962, loss_kl=1.113
2026-05-31 23:06:03,041	aishell_voice	INFO	Train Epoch: 9 [100%]
2026-05-31 23:06:03,041	aishell_voice	INFO	[1205, 9.990004373906418e-05]
2026-05-31 23:06:03,042	aishell_voice	INFO	loss_disc=3.731, loss_gen=3.264, loss_fm=9.123,loss_mel=18.311, loss_kl=1.546
2026-05-31 23:06:03,063	aishell_voice	INFO	Saving model and optimizer state at epoch 9 to ./logs\aishell_voice\G_2333333.pth
2026-05-31 23:06:03,731	aishell_voice	INFO	Saving model and optimizer state at epoch 9 to ./logs\aishell_voice\D_2333333.pth
2026-05-31 23:06:04,755	aishell_voice	INFO	saving ckpt aishell_voice_e9:Success.
2026-05-31 23:06:04,756	aishell_voice	INFO	====> Epoch: 9 [2026-05-31 23:06:04] | (0:01:01.528429)
2026-05-31 23:06:17,397	aishell_voice	INFO	Eval Epoch: 9, val/loss_mel=18.793
2026-05-31 23:06:17,406	aishell_voice	INFO	Epoch 10/20 start, batches=134
2026-05-31 23:06:19,705	aishell_voice	INFO	Train Epoch: 10 [4%]
2026-05-31 23:06:19,706	aishell_voice	INFO	[1210, 9.98875562335968e-05]
2026-05-31 23:06:19,706	aishell_voice	INFO	loss_disc=3.741, loss_gen=3.501, loss_fm=10.157,loss_mel=20.025, loss_kl=1.201
2026-05-31 23:06:24,084	aishell_voice	INFO	Train Epoch: 10 [11%]
2026-05-31 23:06:24,085	aishell_voice	INFO	[1220, 9.98875562335968e-05]
2026-05-31 23:06:24,085	aishell_voice	INFO	loss_disc=4.219, loss_gen=3.152, loss_fm=8.663,loss_mel=18.245, loss_kl=1.205
2026-05-31 23:06:28,691	aishell_voice	INFO	Train Epoch: 10 [19%]
2026-05-31 23:06:28,691	aishell_voice	INFO	[1230, 9.98875562335968e-05]
2026-05-31 23:06:28,691	aishell_voice	INFO	loss_disc=3.853, loss_gen=3.365, loss_fm=10.877,loss_mel=19.892, loss_kl=0.904
2026-05-31 23:06:33,075	aishell_voice	INFO	Train Epoch: 10 [26%]
2026-05-31 23:06:33,075	aishell_voice	INFO	[1240, 9.98875562335968e-05]
2026-05-31 23:06:33,075	aishell_voice	INFO	loss_disc=4.010, loss_gen=3.279, loss_fm=9.583,loss_mel=19.527, loss_kl=1.573
2026-05-31 23:06:37,358	aishell_voice	INFO	Train Epoch: 10 [34%]
2026-05-31 23:06:37,359	aishell_voice	INFO	[1250, 9.98875562335968e-05]
2026-05-31 23:06:37,359	aishell_voice	INFO	loss_disc=4.140, loss_gen=3.029, loss_fm=11.917,loss_mel=19.152, loss_kl=1.121
2026-05-31 23:06:41,731	aishell_voice	INFO	Train Epoch: 10 [41%]
2026-05-31 23:06:41,731	aishell_voice	INFO	[1260, 9.98875562335968e-05]
2026-05-31 23:06:41,731	aishell_voice	INFO	loss_disc=3.647, loss_gen=3.639, loss_fm=9.164,loss_mel=18.468, loss_kl=1.304
2026-05-31 23:06:46,143	aishell_voice	INFO	Train Epoch: 10 [49%]
2026-05-31 23:06:46,144	aishell_voice	INFO	[1270, 9.98875562335968e-05]
2026-05-31 23:06:46,144	aishell_voice	INFO	loss_disc=4.156, loss_gen=3.256, loss_fm=7.622,loss_mel=18.698, loss_kl=1.219
2026-05-31 23:06:50,560	aishell_voice	INFO	Train Epoch: 10 [56%]
2026-05-31 23:06:50,560	aishell_voice	INFO	[1280, 9.98875562335968e-05]
2026-05-31 23:06:50,561	aishell_voice	INFO	loss_disc=4.044, loss_gen=3.494, loss_fm=6.941,loss_mel=17.207, loss_kl=0.955
2026-05-31 23:06:54,996	aishell_voice	INFO	Train Epoch: 10 [63%]
2026-05-31 23:06:54,997	aishell_voice	INFO	[1290, 9.98875562335968e-05]
2026-05-31 23:06:54,997	aishell_voice	INFO	loss_disc=3.571, loss_gen=3.486, loss_fm=8.735,loss_mel=17.785, loss_kl=1.718
2026-05-31 23:06:59,398	aishell_voice	INFO	Train Epoch: 10 [71%]
2026-05-31 23:06:59,398	aishell_voice	INFO	[1300, 9.98875562335968e-05]
2026-05-31 23:06:59,398	aishell_voice	INFO	loss_disc=4.265, loss_gen=3.273, loss_fm=5.285,loss_mel=17.129, loss_kl=1.530
2026-05-31 23:07:03,809	aishell_voice	INFO	Train Epoch: 10 [78%]
2026-05-31 23:07:03,809	aishell_voice	INFO	[1310, 9.98875562335968e-05]
2026-05-31 23:07:03,809	aishell_voice	INFO	loss_disc=4.012, loss_gen=3.334, loss_fm=10.344,loss_mel=17.573, loss_kl=1.465
2026-05-31 23:07:08,208	aishell_voice	INFO	Train Epoch: 10 [86%]
2026-05-31 23:07:08,208	aishell_voice	INFO	[1320, 9.98875562335968e-05]
2026-05-31 23:07:08,208	aishell_voice	INFO	loss_disc=3.732, loss_gen=3.241, loss_fm=11.203,loss_mel=18.354, loss_kl=1.044
2026-05-31 23:07:12,580	aishell_voice	INFO	Train Epoch: 10 [93%]
2026-05-31 23:07:12,580	aishell_voice	INFO	[1330, 9.98875562335968e-05]
2026-05-31 23:07:12,580	aishell_voice	INFO	loss_disc=4.002, loss_gen=3.329, loss_fm=8.279,loss_mel=18.603, loss_kl=1.446
2026-05-31 23:07:16,647	aishell_voice	INFO	Train Epoch: 10 [100%]
2026-05-31 23:07:16,647	aishell_voice	INFO	[1339, 9.98875562335968e-05]
2026-05-31 23:07:16,648	aishell_voice	INFO	loss_disc=4.199, loss_gen=3.318, loss_fm=6.760,loss_mel=17.545, loss_kl=0.831
2026-05-31 23:07:16,664	aishell_voice	INFO	Saving model and optimizer state at epoch 10 to ./logs\aishell_voice\G_2333333.pth
2026-05-31 23:07:17,191	aishell_voice	INFO	Saving model and optimizer state at epoch 10 to ./logs\aishell_voice\D_2333333.pth
2026-05-31 23:07:18,135	aishell_voice	INFO	saving ckpt aishell_voice_e10:Success.
2026-05-31 23:07:18,135	aishell_voice	INFO	====> Epoch: 10 [2026-05-31 23:07:18] | (0:01:00.728794)
2026-05-31 23:07:29,916	aishell_voice	INFO	Eval Epoch: 10, val/loss_mel=18.546
2026-05-31 23:07:29,921	aishell_voice	INFO	Epoch 11/20 start, batches=134
2026-05-31 23:07:30,468	aishell_voice	INFO	Train Epoch: 11 [1%]
2026-05-31 23:07:30,468	aishell_voice	INFO	[1340, 9.987507028906759e-05]
2026-05-31 23:07:30,469	aishell_voice	INFO	loss_disc=3.640, loss_gen=3.292, loss_fm=10.190,loss_mel=19.030, loss_kl=1.518
2026-05-31 23:07:35,127	aishell_voice	INFO	Train Epoch: 11 [8%]
2026-05-31 23:07:35,128	aishell_voice	INFO	[1350, 9.987507028906759e-05]
2026-05-31 23:07:35,128	aishell_voice	INFO	loss_disc=3.861, loss_gen=3.000, loss_fm=8.098,loss_mel=18.717, loss_kl=1.602
2026-05-31 23:07:39,405	aishell_voice	INFO	Train Epoch: 11 [16%]
2026-05-31 23:07:39,405	aishell_voice	INFO	[1360, 9.987507028906759e-05]
2026-05-31 23:07:39,405	aishell_voice	INFO	loss_disc=3.959, loss_gen=3.117, loss_fm=6.882,loss_mel=16.863, loss_kl=0.774
2026-05-31 23:07:43,544	aishell_voice	INFO	Train Epoch: 11 [23%]
2026-05-31 23:07:43,544	aishell_voice	INFO	[1370, 9.987507028906759e-05]
2026-05-31 23:07:43,544	aishell_voice	INFO	loss_disc=4.114, loss_gen=3.479, loss_fm=10.092,loss_mel=17.790, loss_kl=1.298
2026-05-31 23:07:47,898	aishell_voice	INFO	Train Epoch: 11 [31%]
2026-05-31 23:07:47,898	aishell_voice	INFO	[1380, 9.987507028906759e-05]
2026-05-31 23:07:47,899	aishell_voice	INFO	loss_disc=4.103, loss_gen=3.058, loss_fm=7.212,loss_mel=18.387, loss_kl=1.152
2026-05-31 23:07:52,170	aishell_voice	INFO	Train Epoch: 11 [38%]
2026-05-31 23:07:52,170	aishell_voice	INFO	[1390, 9.987507028906759e-05]
2026-05-31 23:07:52,171	aishell_voice	INFO	loss_disc=3.924, loss_gen=3.372, loss_fm=11.867,loss_mel=20.259, loss_kl=1.122
2026-05-31 23:07:56,480	aishell_voice	INFO	Train Epoch: 11 [46%]
2026-05-31 23:07:56,480	aishell_voice	INFO	[1400, 9.987507028906759e-05]
2026-05-31 23:07:56,480	aishell_voice	INFO	loss_disc=3.891, loss_gen=3.429, loss_fm=9.906,loss_mel=17.661, loss_kl=1.479
2026-05-31 23:08:01,195	aishell_voice	INFO	Train Epoch: 11 [53%]
2026-05-31 23:08:01,195	aishell_voice	INFO	[1410, 9.987507028906759e-05]
2026-05-31 23:08:01,195	aishell_voice	INFO	loss_disc=4.178, loss_gen=3.578, loss_fm=7.694,loss_mel=18.256, loss_kl=0.943
2026-05-31 23:08:05,452	aishell_voice	INFO	Train Epoch: 11 [60%]
2026-05-31 23:08:05,452	aishell_voice	INFO	[1420, 9.987507028906759e-05]
2026-05-31 23:08:05,452	aishell_voice	INFO	loss_disc=4.241, loss_gen=3.359, loss_fm=5.267,loss_mel=17.122, loss_kl=1.204
2026-05-31 23:08:09,774	aishell_voice	INFO	Train Epoch: 11 [68%]
2026-05-31 23:08:09,774	aishell_voice	INFO	[1430, 9.987507028906759e-05]
2026-05-31 23:08:09,775	aishell_voice	INFO	loss_disc=3.859, loss_gen=3.380, loss_fm=7.871,loss_mel=18.483, loss_kl=0.827
2026-05-31 23:08:14,020	aishell_voice	INFO	Train Epoch: 11 [75%]
2026-05-31 23:08:14,020	aishell_voice	INFO	[1440, 9.987507028906759e-05]
2026-05-31 23:08:14,020	aishell_voice	INFO	loss_disc=3.913, loss_gen=3.160, loss_fm=6.616,loss_mel=16.418, loss_kl=1.053
2026-05-31 23:08:18,483	aishell_voice	INFO	Train Epoch: 11 [83%]
2026-05-31 23:08:18,485	aishell_voice	INFO	[1450, 9.987507028906759e-05]
2026-05-31 23:08:18,485	aishell_voice	INFO	loss_disc=4.074, loss_gen=3.220, loss_fm=10.643,loss_mel=19.267, loss_kl=1.358
2026-05-31 23:08:22,937	aishell_voice	INFO	Train Epoch: 11 [90%]
2026-05-31 23:08:22,937	aishell_voice	INFO	[1460, 9.987507028906759e-05]
2026-05-31 23:08:22,937	aishell_voice	INFO	loss_disc=3.714, loss_gen=3.351, loss_fm=10.345,loss_mel=19.099, loss_kl=1.281
2026-05-31 23:08:27,459	aishell_voice	INFO	Train Epoch: 11 [98%]
2026-05-31 23:08:27,460	aishell_voice	INFO	[1470, 9.987507028906759e-05]
2026-05-31 23:08:27,460	aishell_voice	INFO	loss_disc=3.940, loss_gen=3.190, loss_fm=8.739,loss_mel=19.740, loss_kl=1.457
2026-05-31 23:08:28,954	aishell_voice	INFO	Train Epoch: 11 [100%]
2026-05-31 23:08:28,954	aishell_voice	INFO	[1473, 9.987507028906759e-05]
2026-05-31 23:08:28,955	aishell_voice	INFO	loss_disc=3.508, loss_gen=3.614, loss_fm=10.435,loss_mel=18.485, loss_kl=0.966
2026-05-31 23:08:28,984	aishell_voice	INFO	Saving model and optimizer state at epoch 11 to ./logs\aishell_voice\G_2333333.pth
2026-05-31 23:08:29,746	aishell_voice	INFO	Saving model and optimizer state at epoch 11 to ./logs\aishell_voice\D_2333333.pth
2026-05-31 23:08:30,795	aishell_voice	INFO	saving ckpt aishell_voice_e11:Success.
2026-05-31 23:08:30,797	aishell_voice	INFO	====> Epoch: 11 [2026-05-31 23:08:30] | (0:01:00.874830)
2026-05-31 23:08:42,995	aishell_voice	INFO	Eval Epoch: 11, val/loss_mel=18.676
2026-05-31 23:08:43,000	aishell_voice	INFO	Epoch 12/20 start, batches=134
2026-05-31 23:08:46,166	aishell_voice	INFO	Train Epoch: 12 [5%]
2026-05-31 23:08:46,167	aishell_voice	INFO	[1480, 9.986258590528146e-05]
2026-05-31 23:08:46,167	aishell_voice	INFO	loss_disc=3.996, loss_gen=3.161, loss_fm=9.813,loss_mel=20.586, loss_kl=1.305
2026-05-31 23:08:50,603	aishell_voice	INFO	Train Epoch: 12 [13%]
2026-05-31 23:08:50,604	aishell_voice	INFO	[1490, 9.986258590528146e-05]
2026-05-31 23:08:50,604	aishell_voice	INFO	loss_disc=4.043, loss_gen=3.217, loss_fm=8.280,loss_mel=18.103, loss_kl=0.903
2026-05-31 23:08:55,014	aishell_voice	INFO	Train Epoch: 12 [20%]
2026-05-31 23:08:55,015	aishell_voice	INFO	[1500, 9.986258590528146e-05]
2026-05-31 23:08:55,015	aishell_voice	INFO	loss_disc=4.017, loss_gen=3.175, loss_fm=10.499,loss_mel=19.672, loss_kl=0.886
2026-05-31 23:08:59,436	aishell_voice	INFO	Train Epoch: 12 [28%]
2026-05-31 23:08:59,436	aishell_voice	INFO	[1510, 9.986258590528146e-05]
2026-05-31 23:08:59,437	aishell_voice	INFO	loss_disc=3.776, loss_gen=3.596, loss_fm=11.028,loss_mel=18.654, loss_kl=1.506
2026-05-31 23:09:03,876	aishell_voice	INFO	Train Epoch: 12 [35%]
2026-05-31 23:09:03,877	aishell_voice	INFO	[1520, 9.986258590528146e-05]
2026-05-31 23:09:03,877	aishell_voice	INFO	loss_disc=4.099, loss_gen=3.203, loss_fm=7.533,loss_mel=17.781, loss_kl=1.217
2026-05-31 23:09:08,355	aishell_voice	INFO	Train Epoch: 12 [43%]
2026-05-31 23:09:08,356	aishell_voice	INFO	[1530, 9.986258590528146e-05]
2026-05-31 23:09:08,356	aishell_voice	INFO	loss_disc=3.963, loss_gen=3.062, loss_fm=8.032,loss_mel=17.664, loss_kl=0.670
2026-05-31 23:09:12,737	aishell_voice	INFO	Train Epoch: 12 [50%]
2026-05-31 23:09:12,737	aishell_voice	INFO	[1540, 9.986258590528146e-05]
2026-05-31 23:09:12,737	aishell_voice	INFO	loss_disc=3.986, loss_gen=3.362, loss_fm=9.719,loss_mel=19.242, loss_kl=1.705
2026-05-31 23:09:17,122	aishell_voice	INFO	Train Epoch: 12 [57%]
2026-05-31 23:09:17,123	aishell_voice	INFO	[1550, 9.986258590528146e-05]
2026-05-31 23:09:17,123	aishell_voice	INFO	loss_disc=4.022, loss_gen=3.117, loss_fm=7.954,loss_mel=17.582, loss_kl=0.732
2026-05-31 23:09:21,363	aishell_voice	INFO	Train Epoch: 12 [65%]
2026-05-31 23:09:21,363	aishell_voice	INFO	[1560, 9.986258590528146e-05]
2026-05-31 23:09:21,363	aishell_voice	INFO	loss_disc=4.075, loss_gen=3.328, loss_fm=9.118,loss_mel=18.294, loss_kl=1.257
2026-05-31 23:09:25,662	aishell_voice	INFO	Train Epoch: 12 [72%]
2026-05-31 23:09:25,662	aishell_voice	INFO	[1570, 9.986258590528146e-05]
2026-05-31 23:09:25,662	aishell_voice	INFO	loss_disc=3.923, loss_gen=3.125, loss_fm=10.958,loss_mel=19.218, loss_kl=1.293
2026-05-31 23:09:29,925	aishell_voice	INFO	Train Epoch: 12 [80%]
2026-05-31 23:09:29,925	aishell_voice	INFO	[1580, 9.986258590528146e-05]
2026-05-31 23:09:29,925	aishell_voice	INFO	loss_disc=4.021, loss_gen=3.271, loss_fm=10.963,loss_mel=18.504, loss_kl=0.837
2026-05-31 23:09:34,502	aishell_voice	INFO	Train Epoch: 12 [87%]
2026-05-31 23:09:34,502	aishell_voice	INFO	[1590, 9.986258590528146e-05]
2026-05-31 23:09:34,502	aishell_voice	INFO	loss_disc=4.041, loss_gen=3.558, loss_fm=11.457,loss_mel=19.576, loss_kl=1.293
2026-05-31 23:09:38,746	aishell_voice	INFO	Train Epoch: 12 [95%]
2026-05-31 23:09:38,746	aishell_voice	INFO	[1600, 9.986258590528146e-05]
2026-05-31 23:09:38,746	aishell_voice	INFO	loss_disc=4.435, loss_gen=2.847, loss_fm=7.780,loss_mel=17.570, loss_kl=0.963
2026-05-31 23:09:42,042	aishell_voice	INFO	Train Epoch: 12 [100%]
2026-05-31 23:09:42,042	aishell_voice	INFO	[1607, 9.986258590528146e-05]
2026-05-31 23:09:42,042	aishell_voice	INFO	loss_disc=4.099, loss_gen=3.220, loss_fm=8.966,loss_mel=18.019, loss_kl=1.348
2026-05-31 23:09:42,057	aishell_voice	INFO	Saving model and optimizer state at epoch 12 to ./logs\aishell_voice\G_2333333.pth
2026-05-31 23:09:42,586	aishell_voice	INFO	Saving model and optimizer state at epoch 12 to ./logs\aishell_voice\D_2333333.pth
2026-05-31 23:09:43,598	aishell_voice	INFO	saving ckpt aishell_voice_e12:Success.
2026-05-31 23:09:43,598	aishell_voice	INFO	====> Epoch: 12 [2026-05-31 23:09:43] | (0:01:00.597222)
2026-05-31 23:09:54,760	aishell_voice	INFO	Eval Epoch: 12, val/loss_mel=17.920
2026-05-31 23:09:54,766	aishell_voice	INFO	Epoch 13/20 start, batches=134
2026-05-31 23:09:56,076	aishell_voice	INFO	Train Epoch: 13 [2%]
2026-05-31 23:09:56,076	aishell_voice	INFO	[1610, 9.98501030820433e-05]
2026-05-31 23:09:56,076	aishell_voice	INFO	loss_disc=3.997, loss_gen=3.102, loss_fm=6.816,loss_mel=17.060, loss_kl=0.698
2026-05-31 23:10:00,385	aishell_voice	INFO	Train Epoch: 13 [10%]
2026-05-31 23:10:00,385	aishell_voice	INFO	[1620, 9.98501030820433e-05]
2026-05-31 23:10:00,385	aishell_voice	INFO	loss_disc=4.046, loss_gen=2.973, loss_fm=6.838,loss_mel=17.718, loss_kl=1.279
2026-05-31 23:10:04,587	aishell_voice	INFO	Train Epoch: 13 [17%]
2026-05-31 23:10:04,587	aishell_voice	INFO	[1630, 9.98501030820433e-05]
2026-05-31 23:10:04,588	aishell_voice	INFO	loss_disc=3.957, loss_gen=2.923, loss_fm=5.222,loss_mel=14.947, loss_kl=0.750
2026-05-31 23:10:08,841	aishell_voice	INFO	Train Epoch: 13 [25%]
2026-05-31 23:10:08,841	aishell_voice	INFO	[1640, 9.98501030820433e-05]
2026-05-31 23:10:08,842	aishell_voice	INFO	loss_disc=4.281, loss_gen=3.524, loss_fm=6.533,loss_mel=17.867, loss_kl=0.950
2026-05-31 23:10:13,069	aishell_voice	INFO	Train Epoch: 13 [32%]
2026-05-31 23:10:13,069	aishell_voice	INFO	[1650, 9.98501030820433e-05]
2026-05-31 23:10:13,069	aishell_voice	INFO	loss_disc=3.805, loss_gen=3.143, loss_fm=7.190,loss_mel=17.163, loss_kl=0.948
2026-05-31 23:10:17,273	aishell_voice	INFO	Train Epoch: 13 [40%]
2026-05-31 23:10:17,273	aishell_voice	INFO	[1660, 9.98501030820433e-05]
2026-05-31 23:10:17,274	aishell_voice	INFO	loss_disc=3.754, loss_gen=3.559, loss_fm=8.392,loss_mel=18.027, loss_kl=1.203
2026-05-31 23:10:21,446	aishell_voice	INFO	Train Epoch: 13 [47%]
2026-05-31 23:10:21,446	aishell_voice	INFO	[1670, 9.98501030820433e-05]
2026-05-31 23:10:21,447	aishell_voice	INFO	loss_disc=3.916, loss_gen=3.424, loss_fm=9.156,loss_mel=16.792, loss_kl=1.328
2026-05-31 23:10:25,707	aishell_voice	INFO	Train Epoch: 13 [54%]
2026-05-31 23:10:25,707	aishell_voice	INFO	[1680, 9.98501030820433e-05]
2026-05-31 23:10:25,707	aishell_voice	INFO	loss_disc=3.952, loss_gen=3.393, loss_fm=9.512,loss_mel=18.077, loss_kl=1.741
2026-05-31 23:10:29,981	aishell_voice	INFO	Train Epoch: 13 [62%]
2026-05-31 23:10:29,981	aishell_voice	INFO	[1690, 9.98501030820433e-05]
2026-05-31 23:10:29,981	aishell_voice	INFO	loss_disc=3.911, loss_gen=3.424, loss_fm=9.865,loss_mel=19.619, loss_kl=1.002
2026-05-31 23:10:34,264	aishell_voice	INFO	Train Epoch: 13 [69%]
2026-05-31 23:10:34,264	aishell_voice	INFO	[1700, 9.98501030820433e-05]
2026-05-31 23:10:34,265	aishell_voice	INFO	loss_disc=3.793, loss_gen=3.816, loss_fm=10.836,loss_mel=19.683, loss_kl=0.912
2026-05-31 23:10:38,542	aishell_voice	INFO	Train Epoch: 13 [77%]
2026-05-31 23:10:38,543	aishell_voice	INFO	[1710, 9.98501030820433e-05]
2026-05-31 23:10:38,543	aishell_voice	INFO	loss_disc=4.164, loss_gen=3.278, loss_fm=10.863,loss_mel=19.122, loss_kl=1.417
2026-05-31 23:10:42,902	aishell_voice	INFO	Train Epoch: 13 [84%]
2026-05-31 23:10:42,902	aishell_voice	INFO	[1720, 9.98501030820433e-05]
2026-05-31 23:10:42,902	aishell_voice	INFO	loss_disc=4.109, loss_gen=3.005, loss_fm=10.035,loss_mel=17.523, loss_kl=1.211
2026-05-31 23:10:47,375	aishell_voice	INFO	Train Epoch: 13 [92%]
2026-05-31 23:10:47,376	aishell_voice	INFO	[1730, 9.98501030820433e-05]
2026-05-31 23:10:47,376	aishell_voice	INFO	loss_disc=4.356, loss_gen=2.803, loss_fm=6.853,loss_mel=17.109, loss_kl=1.472
2026-05-31 23:10:52,450	aishell_voice	INFO	Train Epoch: 13 [99%]
2026-05-31 23:10:52,450	aishell_voice	INFO	[1740, 9.98501030820433e-05]
2026-05-31 23:10:52,450	aishell_voice	INFO	loss_disc=3.781, loss_gen=4.056, loss_fm=10.851,loss_mel=18.877, loss_kl=1.237
2026-05-31 23:10:52,914	aishell_voice	INFO	Train Epoch: 13 [100%]
2026-05-31 23:10:52,915	aishell_voice	INFO	[1741, 9.98501030820433e-05]
2026-05-31 23:10:52,915	aishell_voice	INFO	loss_disc=4.115, loss_gen=3.174, loss_fm=10.177,loss_mel=17.406, loss_kl=1.191
2026-05-31 23:10:52,929	aishell_voice	INFO	Saving model and optimizer state at epoch 13 to ./logs\aishell_voice\G_2333333.pth
2026-05-31 23:10:53,483	aishell_voice	INFO	Saving model and optimizer state at epoch 13 to ./logs\aishell_voice\D_2333333.pth
2026-05-31 23:10:54,420	aishell_voice	INFO	saving ckpt aishell_voice_e13:Success.
2026-05-31 23:10:54,420	aishell_voice	INFO	====> Epoch: 13 [2026-05-31 23:10:54] | (0:00:59.654071)
2026-05-31 23:11:05,597	aishell_voice	INFO	Eval Epoch: 13, val/loss_mel=17.772
2026-05-31 23:11:05,602	aishell_voice	INFO	Epoch 14/20 start, batches=134
2026-05-31 23:11:09,435	aishell_voice	INFO	Train Epoch: 14 [7%]
2026-05-31 23:11:09,435	aishell_voice	INFO	[1750, 9.983762181915804e-05]
2026-05-31 23:11:09,435	aishell_voice	INFO	loss_disc=3.976, loss_gen=3.113, loss_fm=8.431,loss_mel=18.270, loss_kl=1.042
2026-05-31 23:11:13,775	aishell_voice	INFO	Train Epoch: 14 [14%]
2026-05-31 23:11:13,775	aishell_voice	INFO	[1760, 9.983762181915804e-05]
2026-05-31 23:11:13,775	aishell_voice	INFO	loss_disc=4.085, loss_gen=3.409, loss_fm=6.964,loss_mel=16.845, loss_kl=1.320
2026-05-31 23:11:18,000	aishell_voice	INFO	Train Epoch: 14 [22%]
2026-05-31 23:11:18,000	aishell_voice	INFO	[1770, 9.983762181915804e-05]
2026-05-31 23:11:18,000	aishell_voice	INFO	loss_disc=4.105, loss_gen=3.215, loss_fm=8.420,loss_mel=17.181, loss_kl=1.183
2026-05-31 23:11:22,189	aishell_voice	INFO	Train Epoch: 14 [29%]
2026-05-31 23:11:22,190	aishell_voice	INFO	[1780, 9.983762181915804e-05]
2026-05-31 23:11:22,190	aishell_voice	INFO	loss_disc=4.010, loss_gen=2.954, loss_fm=8.956,loss_mel=16.922, loss_kl=1.294
2026-05-31 23:11:26,797	aishell_voice	INFO	Train Epoch: 14 [37%]
2026-05-31 23:11:26,797	aishell_voice	INFO	[1790, 9.983762181915804e-05]
2026-05-31 23:11:26,798	aishell_voice	INFO	loss_disc=3.930, loss_gen=3.558, loss_fm=11.147,loss_mel=18.489, loss_kl=1.213
2026-05-31 23:11:31,402	aishell_voice	INFO	Train Epoch: 14 [44%]
2026-05-31 23:11:31,402	aishell_voice	INFO	[1800, 9.983762181915804e-05]
2026-05-31 23:11:31,402	aishell_voice	INFO	loss_disc=3.546, loss_gen=3.662, loss_fm=12.660,loss_mel=18.539, loss_kl=0.833
2026-05-31 23:11:36,201	aishell_voice	INFO	Train Epoch: 14 [51%]
2026-05-31 23:11:36,201	aishell_voice	INFO	[1810, 9.983762181915804e-05]
2026-05-31 23:11:36,202	aishell_voice	INFO	loss_disc=3.774, loss_gen=3.327, loss_fm=6.786,loss_mel=17.574, loss_kl=0.887
2026-05-31 23:11:40,625	aishell_voice	INFO	Train Epoch: 14 [59%]
2026-05-31 23:11:40,625	aishell_voice	INFO	[1820, 9.983762181915804e-05]
2026-05-31 23:11:40,625	aishell_voice	INFO	loss_disc=4.065, loss_gen=2.889, loss_fm=7.474,loss_mel=16.760, loss_kl=0.925
2026-05-31 23:11:45,103	aishell_voice	INFO	Train Epoch: 14 [66%]
2026-05-31 23:11:45,103	aishell_voice	INFO	[1830, 9.983762181915804e-05]
2026-05-31 23:11:45,103	aishell_voice	INFO	loss_disc=3.705, loss_gen=3.513, loss_fm=8.663,loss_mel=18.220, loss_kl=1.457
2026-05-31 23:11:50,026	aishell_voice	INFO	Train Epoch: 14 [74%]
2026-05-31 23:11:50,027	aishell_voice	INFO	[1840, 9.983762181915804e-05]
2026-05-31 23:11:50,027	aishell_voice	INFO	loss_disc=3.973, loss_gen=3.544, loss_fm=11.488,loss_mel=18.163, loss_kl=1.487
2026-05-31 23:11:54,887	aishell_voice	INFO	Train Epoch: 14 [81%]
2026-05-31 23:11:54,888	aishell_voice	INFO	[1850, 9.983762181915804e-05]
2026-05-31 23:11:54,888	aishell_voice	INFO	loss_disc=4.208, loss_gen=3.128, loss_fm=9.744,loss_mel=19.005, loss_kl=1.451
2026-05-31 23:11:59,289	aishell_voice	INFO	Train Epoch: 14 [89%]
2026-05-31 23:11:59,289	aishell_voice	INFO	[1860, 9.983762181915804e-05]
2026-05-31 23:11:59,289	aishell_voice	INFO	loss_disc=3.540, loss_gen=3.431, loss_fm=11.739,loss_mel=19.585, loss_kl=0.814
2026-05-31 23:12:03,534	aishell_voice	INFO	Train Epoch: 14 [96%]
2026-05-31 23:12:03,534	aishell_voice	INFO	[1870, 9.983762181915804e-05]
2026-05-31 23:12:03,534	aishell_voice	INFO	loss_disc=3.708, loss_gen=3.735, loss_fm=10.317,loss_mel=18.801, loss_kl=1.043
2026-05-31 23:12:05,886	aishell_voice	INFO	Train Epoch: 14 [100%]
2026-05-31 23:12:05,886	aishell_voice	INFO	[1875, 9.983762181915804e-05]
2026-05-31 23:12:05,887	aishell_voice	INFO	loss_disc=3.906, loss_gen=2.887, loss_fm=6.130,loss_mel=16.311, loss_kl=1.551
2026-05-31 23:12:05,903	aishell_voice	INFO	Saving model and optimizer state at epoch 14 to ./logs\aishell_voice\G_2333333.pth
2026-05-31 23:12:06,452	aishell_voice	INFO	Saving model and optimizer state at epoch 14 to ./logs\aishell_voice\D_2333333.pth
2026-05-31 23:12:07,423	aishell_voice	INFO	saving ckpt aishell_voice_e14:Success.
2026-05-31 23:12:07,423	aishell_voice	INFO	====> Epoch: 14 [2026-05-31 23:12:07] | (0:01:01.820537)
2026-05-31 23:12:18,746	aishell_voice	INFO	Eval Epoch: 14, val/loss_mel=18.144
2026-05-31 23:12:18,751	aishell_voice	INFO	Epoch 15/20 start, batches=134
2026-05-31 23:12:20,869	aishell_voice	INFO	Train Epoch: 15 [4%]
2026-05-31 23:12:20,869	aishell_voice	INFO	[1880, 9.982514211643064e-05]
2026-05-31 23:12:20,869	aishell_voice	INFO	loss_disc=3.762, loss_gen=3.554, loss_fm=11.321,loss_mel=19.558, loss_kl=1.393
2026-05-31 23:12:25,339	aishell_voice	INFO	Train Epoch: 15 [11%]
2026-05-31 23:12:25,341	aishell_voice	INFO	[1890, 9.982514211643064e-05]
2026-05-31 23:12:25,341	aishell_voice	INFO	loss_disc=3.684, loss_gen=3.496, loss_fm=9.670,loss_mel=19.723, loss_kl=1.136
2026-05-31 23:12:29,857	aishell_voice	INFO	Train Epoch: 15 [19%]
2026-05-31 23:12:29,857	aishell_voice	INFO	[1900, 9.982514211643064e-05]
2026-05-31 23:12:29,858	aishell_voice	INFO	loss_disc=3.681, loss_gen=3.393, loss_fm=12.289,loss_mel=19.111, loss_kl=0.866
2026-05-31 23:12:34,238	aishell_voice	INFO	Train Epoch: 15 [26%]
2026-05-31 23:12:34,238	aishell_voice	INFO	[1910, 9.982514211643064e-05]
2026-05-31 23:12:34,238	aishell_voice	INFO	loss_disc=4.170, loss_gen=3.010, loss_fm=7.891,loss_mel=18.245, loss_kl=0.906
2026-05-31 23:12:38,400	aishell_voice	INFO	Train Epoch: 15 [34%]
2026-05-31 23:12:38,400	aishell_voice	INFO	[1920, 9.982514211643064e-05]
2026-05-31 23:12:38,400	aishell_voice	INFO	loss_disc=3.607, loss_gen=3.522, loss_fm=11.530,loss_mel=19.052, loss_kl=1.198
2026-05-31 23:12:42,770	aishell_voice	INFO	Train Epoch: 15 [41%]
2026-05-31 23:12:42,770	aishell_voice	INFO	[1930, 9.982514211643064e-05]
2026-05-31 23:12:42,770	aishell_voice	INFO	loss_disc=4.185, loss_gen=3.174, loss_fm=6.582,loss_mel=16.965, loss_kl=1.227
2026-05-31 23:12:47,253	aishell_voice	INFO	Train Epoch: 15 [49%]
2026-05-31 23:12:47,253	aishell_voice	INFO	[1940, 9.982514211643064e-05]
2026-05-31 23:12:47,253	aishell_voice	INFO	loss_disc=4.141, loss_gen=2.617, loss_fm=4.471,loss_mel=14.764, loss_kl=1.758
2026-05-31 23:12:51,704	aishell_voice	INFO	Train Epoch: 15 [56%]
2026-05-31 23:12:51,704	aishell_voice	INFO	[1950, 9.982514211643064e-05]
2026-05-31 23:12:51,704	aishell_voice	INFO	loss_disc=3.750, loss_gen=3.197, loss_fm=10.156,loss_mel=18.641, loss_kl=1.756
2026-05-31 23:12:55,976	aishell_voice	INFO	Train Epoch: 15 [63%]
2026-05-31 23:12:55,976	aishell_voice	INFO	[1960, 9.982514211643064e-05]
2026-05-31 23:12:55,976	aishell_voice	INFO	loss_disc=3.988, loss_gen=3.244, loss_fm=9.255,loss_mel=18.027, loss_kl=0.932
2026-05-31 23:13:00,250	aishell_voice	INFO	Train Epoch: 15 [71%]
2026-05-31 23:13:00,250	aishell_voice	INFO	[1970, 9.982514211643064e-05]
2026-05-31 23:13:00,251	aishell_voice	INFO	loss_disc=3.687, loss_gen=3.689, loss_fm=9.923,loss_mel=18.676, loss_kl=1.129
2026-05-31 23:13:04,508	aishell_voice	INFO	Train Epoch: 15 [78%]
2026-05-31 23:13:04,508	aishell_voice	INFO	[1980, 9.982514211643064e-05]
2026-05-31 23:13:04,509	aishell_voice	INFO	loss_disc=4.039, loss_gen=3.536, loss_fm=12.157,loss_mel=19.730, loss_kl=0.921
2026-05-31 23:13:08,850	aishell_voice	INFO	Train Epoch: 15 [86%]
2026-05-31 23:13:08,851	aishell_voice	INFO	[1990, 9.982514211643064e-05]
2026-05-31 23:13:08,851	aishell_voice	INFO	loss_disc=3.802, loss_gen=3.295, loss_fm=9.351,loss_mel=18.739, loss_kl=1.216
2026-05-31 23:13:13,262	aishell_voice	INFO	Train Epoch: 15 [93%]
2026-05-31 23:13:13,262	aishell_voice	INFO	[2000, 9.982514211643064e-05]
2026-05-31 23:13:13,263	aishell_voice	INFO	loss_disc=3.991, loss_gen=3.327, loss_fm=11.303,loss_mel=18.706, loss_kl=1.428
2026-05-31 23:13:17,434	aishell_voice	INFO	Train Epoch: 15 [100%]
2026-05-31 23:13:17,434	aishell_voice	INFO	[2009, 9.982514211643064e-05]
2026-05-31 23:13:17,435	aishell_voice	INFO	loss_disc=3.797, loss_gen=2.978, loss_fm=9.654,loss_mel=17.203, loss_kl=1.249
2026-05-31 23:13:17,450	aishell_voice	INFO	Saving model and optimizer state at epoch 15 to ./logs\aishell_voice\G_2333333.pth
2026-05-31 23:13:17,985	aishell_voice	INFO	Saving model and optimizer state at epoch 15 to ./logs\aishell_voice\D_2333333.pth
2026-05-31 23:13:18,976	aishell_voice	INFO	saving ckpt aishell_voice_e15:Success.
2026-05-31 23:13:18,976	aishell_voice	INFO	====> Epoch: 15 [2026-05-31 23:13:18] | (0:01:00.224642)
2026-05-31 23:13:29,729	aishell_voice	INFO	Eval Epoch: 15, val/loss_mel=18.273
2026-05-31 23:13:29,734	aishell_voice	INFO	Epoch 16/20 start, batches=134
2026-05-31 23:13:30,163	aishell_voice	INFO	Train Epoch: 16 [1%]
2026-05-31 23:13:30,164	aishell_voice	INFO	[2010, 9.981266397366609e-05]
2026-05-31 23:13:30,164	aishell_voice	INFO	loss_disc=3.803, loss_gen=3.362, loss_fm=10.380,loss_mel=17.971, loss_kl=1.214
2026-05-31 23:13:34,587	aishell_voice	INFO	Train Epoch: 16 [8%]
2026-05-31 23:13:34,588	aishell_voice	INFO	[2020, 9.981266397366609e-05]
2026-05-31 23:13:34,588	aishell_voice	INFO	loss_disc=3.942, loss_gen=3.626, loss_fm=9.652,loss_mel=17.892, loss_kl=1.353
2026-05-31 23:13:39,095	aishell_voice	INFO	Train Epoch: 16 [16%]
2026-05-31 23:13:39,095	aishell_voice	INFO	[2030, 9.981266397366609e-05]
2026-05-31 23:13:39,095	aishell_voice	INFO	loss_disc=3.711, loss_gen=3.710, loss_fm=10.110,loss_mel=19.568, loss_kl=1.595
2026-05-31 23:13:43,371	aishell_voice	INFO	Train Epoch: 16 [23%]
2026-05-31 23:13:43,372	aishell_voice	INFO	[2040, 9.981266397366609e-05]
2026-05-31 23:13:43,372	aishell_voice	INFO	loss_disc=4.121, loss_gen=3.230, loss_fm=11.463,loss_mel=18.554, loss_kl=1.193
2026-05-31 23:13:47,588	aishell_voice	INFO	Train Epoch: 16 [31%]
2026-05-31 23:13:47,589	aishell_voice	INFO	[2050, 9.981266397366609e-05]
2026-05-31 23:13:47,589	aishell_voice	INFO	loss_disc=3.585, loss_gen=4.030, loss_fm=10.620,loss_mel=17.179, loss_kl=1.219
2026-05-31 23:13:51,858	aishell_voice	INFO	Train Epoch: 16 [38%]
2026-05-31 23:13:51,858	aishell_voice	INFO	[2060, 9.981266397366609e-05]
2026-05-31 23:13:51,858	aishell_voice	INFO	loss_disc=3.745, loss_gen=3.529, loss_fm=9.915,loss_mel=19.483, loss_kl=1.575
2026-05-31 23:13:56,283	aishell_voice	INFO	Train Epoch: 16 [46%]
2026-05-31 23:13:56,283	aishell_voice	INFO	[2070, 9.981266397366609e-05]
2026-05-31 23:13:56,283	aishell_voice	INFO	loss_disc=3.477, loss_gen=3.231, loss_fm=9.960,loss_mel=17.449, loss_kl=1.291
2026-05-31 23:14:00,698	aishell_voice	INFO	Train Epoch: 16 [53%]
2026-05-31 23:14:00,698	aishell_voice	INFO	[2080, 9.981266397366609e-05]
2026-05-31 23:14:00,698	aishell_voice	INFO	loss_disc=3.712, loss_gen=3.613, loss_fm=9.312,loss_mel=18.278, loss_kl=1.592
2026-05-31 23:14:04,977	aishell_voice	INFO	Train Epoch: 16 [60%]
2026-05-31 23:14:04,977	aishell_voice	INFO	[2090, 9.981266397366609e-05]
2026-05-31 23:14:04,977	aishell_voice	INFO	loss_disc=3.818, loss_gen=3.430, loss_fm=10.056,loss_mel=17.387, loss_kl=1.109
2026-05-31 23:14:09,346	aishell_voice	INFO	Train Epoch: 16 [68%]
2026-05-31 23:14:09,346	aishell_voice	INFO	[2100, 9.981266397366609e-05]
2026-05-31 23:14:09,347	aishell_voice	INFO	loss_disc=3.693, loss_gen=3.509, loss_fm=12.340,loss_mel=20.052, loss_kl=1.646
2026-05-31 23:14:13,480	aishell_voice	INFO	Train Epoch: 16 [75%]
2026-05-31 23:14:13,480	aishell_voice	INFO	[2110, 9.981266397366609e-05]
2026-05-31 23:14:13,481	aishell_voice	INFO	loss_disc=3.657, loss_gen=4.039, loss_fm=9.805,loss_mel=18.533, loss_kl=0.893
2026-05-31 23:14:17,709	aishell_voice	INFO	Train Epoch: 16 [83%]
2026-05-31 23:14:17,709	aishell_voice	INFO	[2120, 9.981266397366609e-05]
2026-05-31 23:14:17,709	aishell_voice	INFO	loss_disc=3.677, loss_gen=3.241, loss_fm=8.967,loss_mel=18.122, loss_kl=1.329
2026-05-31 23:14:21,965	aishell_voice	INFO	Train Epoch: 16 [90%]
2026-05-31 23:14:21,965	aishell_voice	INFO	[2130, 9.981266397366609e-05]
2026-05-31 23:14:21,966	aishell_voice	INFO	loss_disc=3.893, loss_gen=3.818, loss_fm=9.867,loss_mel=17.985, loss_kl=1.220
2026-05-31 23:14:26,296	aishell_voice	INFO	Train Epoch: 16 [98%]
2026-05-31 23:14:26,296	aishell_voice	INFO	[2140, 9.981266397366609e-05]
2026-05-31 23:14:26,296	aishell_voice	INFO	loss_disc=3.724, loss_gen=3.550, loss_fm=12.035,loss_mel=18.864, loss_kl=1.362
2026-05-31 23:14:27,619	aishell_voice	INFO	Train Epoch: 16 [100%]
2026-05-31 23:14:27,619	aishell_voice	INFO	[2143, 9.981266397366609e-05]
2026-05-31 23:14:27,619	aishell_voice	INFO	loss_disc=3.804, loss_gen=3.308, loss_fm=9.296,loss_mel=17.619, loss_kl=0.936
2026-05-31 23:14:27,633	aishell_voice	INFO	Saving model and optimizer state at epoch 16 to ./logs\aishell_voice\G_2333333.pth
2026-05-31 23:14:28,169	aishell_voice	INFO	Saving model and optimizer state at epoch 16 to ./logs\aishell_voice\D_2333333.pth
2026-05-31 23:14:29,166	aishell_voice	INFO	saving ckpt aishell_voice_e16:Success.
2026-05-31 23:14:29,166	aishell_voice	INFO	====> Epoch: 16 [2026-05-31 23:14:29] | (0:00:59.431088)
2026-05-31 23:14:39,954	aishell_voice	INFO	Eval Epoch: 16, val/loss_mel=18.223
2026-05-31 23:14:39,959	aishell_voice	INFO	Epoch 17/20 start, batches=134
2026-05-31 23:14:42,965	aishell_voice	INFO	Train Epoch: 17 [5%]
2026-05-31 23:14:42,965	aishell_voice	INFO	[2150, 9.980018739066937e-05]
2026-05-31 23:14:42,966	aishell_voice	INFO	loss_disc=3.572, loss_gen=3.666, loss_fm=9.421,loss_mel=18.885, loss_kl=1.092
2026-05-31 23:14:47,239	aishell_voice	INFO	Train Epoch: 17 [13%]
2026-05-31 23:14:47,240	aishell_voice	INFO	[2160, 9.980018739066937e-05]
2026-05-31 23:14:47,240	aishell_voice	INFO	loss_disc=3.936, loss_gen=3.284, loss_fm=10.611,loss_mel=18.772, loss_kl=1.053
2026-05-31 23:14:51,515	aishell_voice	INFO	Train Epoch: 17 [20%]
2026-05-31 23:14:51,516	aishell_voice	INFO	[2170, 9.980018739066937e-05]
2026-05-31 23:14:51,516	aishell_voice	INFO	loss_disc=3.953, loss_gen=3.368, loss_fm=7.086,loss_mel=17.370, loss_kl=0.957
2026-05-31 23:14:55,844	aishell_voice	INFO	Train Epoch: 17 [28%]
2026-05-31 23:14:55,844	aishell_voice	INFO	[2180, 9.980018739066937e-05]
2026-05-31 23:14:55,844	aishell_voice	INFO	loss_disc=3.893, loss_gen=3.544, loss_fm=11.635,loss_mel=18.455, loss_kl=1.250
2026-05-31 23:15:00,342	aishell_voice	INFO	Train Epoch: 17 [35%]
2026-05-31 23:15:00,342	aishell_voice	INFO	[2190, 9.980018739066937e-05]
2026-05-31 23:15:00,342	aishell_voice	INFO	loss_disc=4.033, loss_gen=3.332, loss_fm=6.291,loss_mel=16.927, loss_kl=1.117
2026-05-31 23:15:04,492	aishell_voice	INFO	Train Epoch: 17 [43%]
2026-05-31 23:15:04,492	aishell_voice	INFO	[2200, 9.980018739066937e-05]
2026-05-31 23:15:04,493	aishell_voice	INFO	loss_disc=4.149, loss_gen=3.618, loss_fm=8.721,loss_mel=17.417, loss_kl=1.922
2026-05-31 23:15:08,971	aishell_voice	INFO	Train Epoch: 17 [50%]
2026-05-31 23:15:08,971	aishell_voice	INFO	[2210, 9.980018739066937e-05]
2026-05-31 23:15:08,971	aishell_voice	INFO	loss_disc=3.948, loss_gen=3.435, loss_fm=10.366,loss_mel=18.303, loss_kl=1.081
2026-05-31 23:15:13,114	aishell_voice	INFO	Train Epoch: 17 [57%]
2026-05-31 23:15:13,114	aishell_voice	INFO	[2220, 9.980018739066937e-05]
2026-05-31 23:15:13,115	aishell_voice	INFO	loss_disc=3.916, loss_gen=3.040, loss_fm=6.699,loss_mel=16.325, loss_kl=0.881
2026-05-31 23:15:17,374	aishell_voice	INFO	Train Epoch: 17 [65%]
2026-05-31 23:15:17,374	aishell_voice	INFO	[2230, 9.980018739066937e-05]
2026-05-31 23:15:17,375	aishell_voice	INFO	loss_disc=3.765, loss_gen=3.492, loss_fm=7.559,loss_mel=18.686, loss_kl=0.807
2026-05-31 23:15:21,608	aishell_voice	INFO	Train Epoch: 17 [72%]
2026-05-31 23:15:21,608	aishell_voice	INFO	[2240, 9.980018739066937e-05]
2026-05-31 23:15:21,608	aishell_voice	INFO	loss_disc=3.964, loss_gen=3.009, loss_fm=8.167,loss_mel=14.421, loss_kl=1.153
2026-05-31 23:15:25,732	aishell_voice	INFO	Train Epoch: 17 [80%]
2026-05-31 23:15:25,732	aishell_voice	INFO	[2250, 9.980018739066937e-05]
2026-05-31 23:15:25,732	aishell_voice	INFO	loss_disc=3.985, loss_gen=3.543, loss_fm=10.579,loss_mel=19.539, loss_kl=1.027
2026-05-31 23:15:29,957	aishell_voice	INFO	Train Epoch: 17 [87%]
2026-05-31 23:15:29,957	aishell_voice	INFO	[2260, 9.980018739066937e-05]
2026-05-31 23:15:29,957	aishell_voice	INFO	loss_disc=3.894, loss_gen=3.210, loss_fm=8.757,loss_mel=17.622, loss_kl=1.066
2026-05-31 23:15:34,161	aishell_voice	INFO	Train Epoch: 17 [95%]
2026-05-31 23:15:34,161	aishell_voice	INFO	[2270, 9.980018739066937e-05]
2026-05-31 23:15:34,161	aishell_voice	INFO	loss_disc=3.969, loss_gen=3.326, loss_fm=8.504,loss_mel=17.153, loss_kl=0.884
2026-05-31 23:15:37,110	aishell_voice	INFO	Train Epoch: 17 [100%]
2026-05-31 23:15:37,110	aishell_voice	INFO	[2277, 9.980018739066937e-05]
2026-05-31 23:15:37,110	aishell_voice	INFO	loss_disc=4.262, loss_gen=3.012, loss_fm=9.084,loss_mel=16.539, loss_kl=1.414
2026-05-31 23:15:37,123	aishell_voice	INFO	Saving model and optimizer state at epoch 17 to ./logs\aishell_voice\G_2333333.pth
2026-05-31 23:15:37,655	aishell_voice	INFO	Saving model and optimizer state at epoch 17 to ./logs\aishell_voice\D_2333333.pth
2026-05-31 23:15:38,554	aishell_voice	INFO	saving ckpt aishell_voice_e17:Success.
2026-05-31 23:15:38,554	aishell_voice	INFO	====> Epoch: 17 [2026-05-31 23:15:38] | (0:00:58.594325)
2026-05-31 23:15:49,551	aishell_voice	INFO	Eval Epoch: 17, val/loss_mel=18.332
2026-05-31 23:15:49,556	aishell_voice	INFO	Epoch 18/20 start, batches=134
2026-05-31 23:15:50,858	aishell_voice	INFO	Train Epoch: 18 [2%]
2026-05-31 23:15:50,858	aishell_voice	INFO	[2280, 9.978771236724554e-05]
2026-05-31 23:15:50,858	aishell_voice	INFO	loss_disc=3.914, loss_gen=3.433, loss_fm=9.825,loss_mel=18.538, loss_kl=0.865
2026-05-31 23:15:55,092	aishell_voice	INFO	Train Epoch: 18 [10%]
2026-05-31 23:15:55,092	aishell_voice	INFO	[2290, 9.978771236724554e-05]
2026-05-31 23:15:55,092	aishell_voice	INFO	loss_disc=3.659, loss_gen=3.536, loss_fm=11.703,loss_mel=18.785, loss_kl=1.002
2026-05-31 23:15:59,502	aishell_voice	INFO	Train Epoch: 18 [17%]
2026-05-31 23:15:59,502	aishell_voice	INFO	[2300, 9.978771236724554e-05]
2026-05-31 23:15:59,502	aishell_voice	INFO	loss_disc=3.919, loss_gen=3.275, loss_fm=9.341,loss_mel=17.720, loss_kl=1.376
2026-05-31 23:16:03,702	aishell_voice	INFO	Train Epoch: 18 [25%]
2026-05-31 23:16:03,702	aishell_voice	INFO	[2310, 9.978771236724554e-05]
2026-05-31 23:16:03,703	aishell_voice	INFO	loss_disc=3.909, loss_gen=3.505, loss_fm=10.067,loss_mel=17.876, loss_kl=0.919
2026-05-31 23:16:07,914	aishell_voice	INFO	Train Epoch: 18 [32%]
2026-05-31 23:16:07,914	aishell_voice	INFO	[2320, 9.978771236724554e-05]
2026-05-31 23:16:07,914	aishell_voice	INFO	loss_disc=3.488, loss_gen=3.645, loss_fm=8.884,loss_mel=18.506, loss_kl=1.331
2026-05-31 23:16:12,073	aishell_voice	INFO	Train Epoch: 18 [40%]
2026-05-31 23:16:12,073	aishell_voice	INFO	[2330, 9.978771236724554e-05]
2026-05-31 23:16:12,073	aishell_voice	INFO	loss_disc=3.900, loss_gen=3.302, loss_fm=7.913,loss_mel=17.811, loss_kl=1.569
2026-05-31 23:16:16,226	aishell_voice	INFO	Train Epoch: 18 [47%]
2026-05-31 23:16:16,226	aishell_voice	INFO	[2340, 9.978771236724554e-05]
2026-05-31 23:16:16,227	aishell_voice	INFO	loss_disc=3.729, loss_gen=3.802, loss_fm=11.679,loss_mel=19.847, loss_kl=1.293
2026-05-31 23:16:20,404	aishell_voice	INFO	Train Epoch: 18 [54%]
2026-05-31 23:16:20,404	aishell_voice	INFO	[2350, 9.978771236724554e-05]
2026-05-31 23:16:20,405	aishell_voice	INFO	loss_disc=3.641, loss_gen=3.309, loss_fm=10.729,loss_mel=18.914, loss_kl=1.485
2026-05-31 23:16:24,622	aishell_voice	INFO	Train Epoch: 18 [62%]
2026-05-31 23:16:24,622	aishell_voice	INFO	[2360, 9.978771236724554e-05]
2026-05-31 23:16:24,622	aishell_voice	INFO	loss_disc=3.664, loss_gen=3.698, loss_fm=8.396,loss_mel=18.138, loss_kl=0.917
2026-05-31 23:16:28,865	aishell_voice	INFO	Train Epoch: 18 [69%]
2026-05-31 23:16:28,866	aishell_voice	INFO	[2370, 9.978771236724554e-05]
2026-05-31 23:16:28,866	aishell_voice	INFO	loss_disc=3.969, loss_gen=3.540, loss_fm=10.452,loss_mel=18.019, loss_kl=0.913
2026-05-31 23:16:33,138	aishell_voice	INFO	Train Epoch: 18 [77%]
2026-05-31 23:16:33,138	aishell_voice	INFO	[2380, 9.978771236724554e-05]
2026-05-31 23:16:33,138	aishell_voice	INFO	loss_disc=3.942, loss_gen=3.322, loss_fm=7.561,loss_mel=17.429, loss_kl=1.002
2026-05-31 23:16:37,506	aishell_voice	INFO	Train Epoch: 18 [84%]
2026-05-31 23:16:37,506	aishell_voice	INFO	[2390, 9.978771236724554e-05]
2026-05-31 23:16:37,506	aishell_voice	INFO	loss_disc=3.907, loss_gen=3.413, loss_fm=11.789,loss_mel=19.030, loss_kl=1.052
2026-05-31 23:16:41,650	aishell_voice	INFO	Train Epoch: 18 [92%]
2026-05-31 23:16:41,651	aishell_voice	INFO	[2400, 9.978771236724554e-05]
2026-05-31 23:16:41,651	aishell_voice	INFO	loss_disc=3.627, loss_gen=3.693, loss_fm=8.486,loss_mel=16.184, loss_kl=1.075
2026-05-31 23:16:46,110	aishell_voice	INFO	Train Epoch: 18 [99%]
2026-05-31 23:16:46,110	aishell_voice	INFO	[2410, 9.978771236724554e-05]
2026-05-31 23:16:46,111	aishell_voice	INFO	loss_disc=3.873, loss_gen=3.598, loss_fm=10.827,loss_mel=18.047, loss_kl=1.126
2026-05-31 23:16:46,560	aishell_voice	INFO	Train Epoch: 18 [100%]
2026-05-31 23:16:46,560	aishell_voice	INFO	[2411, 9.978771236724554e-05]
2026-05-31 23:16:46,561	aishell_voice	INFO	loss_disc=4.052, loss_gen=3.476, loss_fm=10.411,loss_mel=16.479, loss_kl=1.246
2026-05-31 23:16:46,576	aishell_voice	INFO	Saving model and optimizer state at epoch 18 to ./logs\aishell_voice\G_2333333.pth
2026-05-31 23:16:47,117	aishell_voice	INFO	Saving model and optimizer state at epoch 18 to ./logs\aishell_voice\D_2333333.pth
2026-05-31 23:16:48,088	aishell_voice	INFO	saving ckpt aishell_voice_e18:Success.
2026-05-31 23:16:48,088	aishell_voice	INFO	====> Epoch: 18 [2026-05-31 23:16:48] | (0:00:58.531916)
2026-05-31 23:16:58,609	aishell_voice	INFO	Eval Epoch: 18, val/loss_mel=18.576
2026-05-31 23:16:58,613	aishell_voice	INFO	Epoch 19/20 start, batches=134
2026-05-31 23:17:02,558	aishell_voice	INFO	Train Epoch: 19 [7%]
2026-05-31 23:17:02,558	aishell_voice	INFO	[2420, 9.977523890319963e-05]
2026-05-31 23:17:02,559	aishell_voice	INFO	loss_disc=3.789, loss_gen=3.411, loss_fm=11.368,loss_mel=18.039, loss_kl=1.143
2026-05-31 23:17:06,860	aishell_voice	INFO	Train Epoch: 19 [14%]
2026-05-31 23:17:06,860	aishell_voice	INFO	[2430, 9.977523890319963e-05]
2026-05-31 23:17:06,860	aishell_voice	INFO	loss_disc=3.864, loss_gen=3.571, loss_fm=8.570,loss_mel=18.788, loss_kl=0.798
2026-05-31 23:17:10,992	aishell_voice	INFO	Train Epoch: 19 [22%]
2026-05-31 23:17:10,992	aishell_voice	INFO	[2440, 9.977523890319963e-05]
2026-05-31 23:17:10,992	aishell_voice	INFO	loss_disc=4.081, loss_gen=3.219, loss_fm=5.888,loss_mel=17.216, loss_kl=0.854
2026-05-31 23:17:15,233	aishell_voice	INFO	Train Epoch: 19 [29%]
2026-05-31 23:17:15,234	aishell_voice	INFO	[2450, 9.977523890319963e-05]
2026-05-31 23:17:15,234	aishell_voice	INFO	loss_disc=3.769, loss_gen=3.314, loss_fm=9.755,loss_mel=17.870, loss_kl=0.501
2026-05-31 23:17:19,386	aishell_voice	INFO	Train Epoch: 19 [37%]
2026-05-31 23:17:19,386	aishell_voice	INFO	[2460, 9.977523890319963e-05]
2026-05-31 23:17:19,386	aishell_voice	INFO	loss_disc=3.928, loss_gen=3.056, loss_fm=7.927,loss_mel=16.865, loss_kl=1.707
2026-05-31 23:17:23,652	aishell_voice	INFO	Train Epoch: 19 [44%]
2026-05-31 23:17:23,653	aishell_voice	INFO	[2470, 9.977523890319963e-05]
2026-05-31 23:17:23,653	aishell_voice	INFO	loss_disc=4.023, loss_gen=2.983, loss_fm=8.623,loss_mel=18.072, loss_kl=1.376
2026-05-31 23:17:27,819	aishell_voice	INFO	Train Epoch: 19 [51%]
2026-05-31 23:17:27,819	aishell_voice	INFO	[2480, 9.977523890319963e-05]
2026-05-31 23:17:27,820	aishell_voice	INFO	loss_disc=3.819, loss_gen=3.688, loss_fm=11.551,loss_mel=19.006, loss_kl=1.070
2026-05-31 23:17:31,918	aishell_voice	INFO	Train Epoch: 19 [59%]
2026-05-31 23:17:31,919	aishell_voice	INFO	[2490, 9.977523890319963e-05]
2026-05-31 23:17:31,919	aishell_voice	INFO	loss_disc=3.767, loss_gen=3.440, loss_fm=13.161,loss_mel=18.245, loss_kl=1.297
2026-05-31 23:17:36,166	aishell_voice	INFO	Train Epoch: 19 [66%]
2026-05-31 23:17:36,166	aishell_voice	INFO	[2500, 9.977523890319963e-05]
2026-05-31 23:17:36,166	aishell_voice	INFO	loss_disc=3.881, loss_gen=3.505, loss_fm=6.262,loss_mel=16.281, loss_kl=1.011
2026-05-31 23:17:40,311	aishell_voice	INFO	Train Epoch: 19 [74%]
2026-05-31 23:17:40,312	aishell_voice	INFO	[2510, 9.977523890319963e-05]
2026-05-31 23:17:40,312	aishell_voice	INFO	loss_disc=3.376, loss_gen=3.685, loss_fm=10.598,loss_mel=18.167, loss_kl=1.244
2026-05-31 23:17:44,458	aishell_voice	INFO	Train Epoch: 19 [81%]
2026-05-31 23:17:44,458	aishell_voice	INFO	[2520, 9.977523890319963e-05]
2026-05-31 23:17:44,459	aishell_voice	INFO	loss_disc=4.059, loss_gen=3.120, loss_fm=8.641,loss_mel=16.381, loss_kl=1.091
2026-05-31 23:17:48,646	aishell_voice	INFO	Train Epoch: 19 [89%]
2026-05-31 23:17:48,646	aishell_voice	INFO	[2530, 9.977523890319963e-05]
2026-05-31 23:17:48,646	aishell_voice	INFO	loss_disc=4.143, loss_gen=3.550, loss_fm=7.684,loss_mel=17.247, loss_kl=1.285
2026-05-31 23:17:52,779	aishell_voice	INFO	Train Epoch: 19 [96%]
2026-05-31 23:17:52,779	aishell_voice	INFO	[2540, 9.977523890319963e-05]
2026-05-31 23:17:52,780	aishell_voice	INFO	loss_disc=4.067, loss_gen=3.098, loss_fm=8.708,loss_mel=18.019, loss_kl=1.091
2026-05-31 23:17:54,931	aishell_voice	INFO	Train Epoch: 19 [100%]
2026-05-31 23:17:54,932	aishell_voice	INFO	[2545, 9.977523890319963e-05]
2026-05-31 23:17:54,932	aishell_voice	INFO	loss_disc=3.811, loss_gen=3.233, loss_fm=6.893,loss_mel=15.620, loss_kl=1.426
2026-05-31 23:17:54,944	aishell_voice	INFO	Saving model and optimizer state at epoch 19 to ./logs\aishell_voice\G_2333333.pth
2026-05-31 23:17:55,481	aishell_voice	INFO	Saving model and optimizer state at epoch 19 to ./logs\aishell_voice\D_2333333.pth
2026-05-31 23:17:56,539	aishell_voice	INFO	saving ckpt aishell_voice_e19:Success.
2026-05-31 23:17:56,539	aishell_voice	INFO	====> Epoch: 19 [2026-05-31 23:17:56] | (0:00:57.925942)
2026-05-31 23:18:07,897	aishell_voice	INFO	Eval Epoch: 19, val/loss_mel=17.967
2026-05-31 23:18:07,902	aishell_voice	INFO	Epoch 20/20 start, batches=134
2026-05-31 23:18:10,038	aishell_voice	INFO	Train Epoch: 20 [4%]
2026-05-31 23:18:10,038	aishell_voice	INFO	[2550, 9.976276699833672e-05]
2026-05-31 23:18:10,038	aishell_voice	INFO	loss_disc=4.000, loss_gen=3.085, loss_fm=11.234,loss_mel=18.084, loss_kl=1.010
2026-05-31 23:18:14,158	aishell_voice	INFO	Train Epoch: 20 [11%]
2026-05-31 23:18:14,159	aishell_voice	INFO	[2560, 9.976276699833672e-05]
2026-05-31 23:18:14,159	aishell_voice	INFO	loss_disc=3.718, loss_gen=3.431, loss_fm=10.600,loss_mel=19.040, loss_kl=0.891
2026-05-31 23:18:18,252	aishell_voice	INFO	Train Epoch: 20 [19%]
2026-05-31 23:18:18,252	aishell_voice	INFO	[2570, 9.976276699833672e-05]
2026-05-31 23:18:18,252	aishell_voice	INFO	loss_disc=3.557, loss_gen=3.716, loss_fm=10.733,loss_mel=18.725, loss_kl=0.847
2026-05-31 23:18:22,467	aishell_voice	INFO	Train Epoch: 20 [26%]
2026-05-31 23:18:22,467	aishell_voice	INFO	[2580, 9.976276699833672e-05]
2026-05-31 23:18:22,468	aishell_voice	INFO	loss_disc=4.055, loss_gen=3.313, loss_fm=9.597,loss_mel=18.095, loss_kl=1.322
2026-05-31 23:18:26,599	aishell_voice	INFO	Train Epoch: 20 [34%]
2026-05-31 23:18:26,599	aishell_voice	INFO	[2590, 9.976276699833672e-05]
2026-05-31 23:18:26,600	aishell_voice	INFO	loss_disc=3.944, loss_gen=2.968, loss_fm=9.411,loss_mel=18.065, loss_kl=0.784
2026-05-31 23:18:30,840	aishell_voice	INFO	Train Epoch: 20 [41%]
2026-05-31 23:18:30,841	aishell_voice	INFO	[2600, 9.976276699833672e-05]
2026-05-31 23:18:30,841	aishell_voice	INFO	loss_disc=3.849, loss_gen=3.462, loss_fm=7.743,loss_mel=17.071, loss_kl=0.984
2026-05-31 23:18:35,307	aishell_voice	INFO	Train Epoch: 20 [49%]
2026-05-31 23:18:35,307	aishell_voice	INFO	[2610, 9.976276699833672e-05]
2026-05-31 23:18:35,307	aishell_voice	INFO	loss_disc=3.978, loss_gen=3.432, loss_fm=9.823,loss_mel=17.846, loss_kl=0.996
2026-05-31 23:18:39,546	aishell_voice	INFO	Train Epoch: 20 [56%]
2026-05-31 23:18:39,546	aishell_voice	INFO	[2620, 9.976276699833672e-05]
2026-05-31 23:18:39,547	aishell_voice	INFO	loss_disc=3.670, loss_gen=3.746, loss_fm=9.839,loss_mel=17.609, loss_kl=0.049
2026-05-31 23:18:43,766	aishell_voice	INFO	Train Epoch: 20 [63%]
2026-05-31 23:18:43,766	aishell_voice	INFO	[2630, 9.976276699833672e-05]
2026-05-31 23:18:43,766	aishell_voice	INFO	loss_disc=4.019, loss_gen=3.621, loss_fm=8.827,loss_mel=18.255, loss_kl=1.234
2026-05-31 23:18:48,008	aishell_voice	INFO	Train Epoch: 20 [71%]
2026-05-31 23:18:48,008	aishell_voice	INFO	[2640, 9.976276699833672e-05]
2026-05-31 23:18:48,008	aishell_voice	INFO	loss_disc=3.613, loss_gen=3.704, loss_fm=10.567,loss_mel=18.195, loss_kl=1.686
2026-05-31 23:18:52,113	aishell_voice	INFO	Train Epoch: 20 [78%]
2026-05-31 23:18:52,114	aishell_voice	INFO	[2650, 9.976276699833672e-05]
2026-05-31 23:18:52,114	aishell_voice	INFO	loss_disc=3.988, loss_gen=3.606, loss_fm=9.365,loss_mel=18.244, loss_kl=0.758
2026-05-31 23:18:56,328	aishell_voice	INFO	Train Epoch: 20 [86%]
2026-05-31 23:18:56,330	aishell_voice	INFO	[2660, 9.976276699833672e-05]
2026-05-31 23:18:56,330	aishell_voice	INFO	loss_disc=3.795, loss_gen=3.447, loss_fm=10.824,loss_mel=18.184, loss_kl=0.823
2026-05-31 23:19:00,538	aishell_voice	INFO	Train Epoch: 20 [93%]
2026-05-31 23:19:00,538	aishell_voice	INFO	[2670, 9.976276699833672e-05]
2026-05-31 23:19:00,538	aishell_voice	INFO	loss_disc=3.805, loss_gen=3.518, loss_fm=7.618,loss_mel=17.627, loss_kl=1.421
2026-05-31 23:19:04,286	aishell_voice	INFO	Train Epoch: 20 [100%]
2026-05-31 23:19:04,286	aishell_voice	INFO	[2679, 9.976276699833672e-05]
2026-05-31 23:19:04,286	aishell_voice	INFO	loss_disc=3.841, loss_gen=3.021, loss_fm=10.292,loss_mel=17.633, loss_kl=1.409
2026-05-31 23:19:04,300	aishell_voice	INFO	Saving model and optimizer state at epoch 20 to ./logs\aishell_voice\G_2333333.pth
2026-05-31 23:19:04,838	aishell_voice	INFO	Saving model and optimizer state at epoch 20 to ./logs\aishell_voice\D_2333333.pth
2026-05-31 23:19:05,745	aishell_voice	INFO	saving ckpt aishell_voice_e20:Success.
2026-05-31 23:19:05,746	aishell_voice	INFO	====> Epoch: 20 [2026-05-31 23:19:05] | (0:00:57.843903)
2026-05-31 23:19:16,494	aishell_voice	INFO	Eval Epoch: 20, val/loss_mel=18.095
2026-05-31 23:19:16,496	aishell_voice	INFO	Training is done. The program is closed.
2026-05-31 23:19:16,584	aishell_voice	INFO	saving final ckpt:Success.
