2026-05-28 12:42:28,692	course_rvc	INFO	{'train': {'log_interval': 200, 'seed': 1234, 'epochs': 20000, 'learning_rate': 0.0001, 'betas': [0.8, 0.99], 'eps': 1e-09, 'batch_size': 2, 'fp16_run': True, 'lr_decay': 0.999875, 'segment_size': 12800, 'init_lr_ratio': 1, 'warmup_epochs': 0, 'c_mel': 45, 'c_kl': 1.0}, 'data': {'max_wav_value': 32768.0, 'sampling_rate': 40000, 'filter_length': 2048, 'hop_length': 400, 'win_length': 2048, 'n_mel_channels': 125, 'mel_fmin': 0.0, 'mel_fmax': None, 'training_files': './logs\\course_rvc/filelist.txt'}, 'model': {'inter_channels': 192, 'hidden_channels': 192, 'filter_channels': 768, 'n_heads': 2, 'n_layers': 6, 'kernel_size': 3, 'p_dropout': 0, 'resblock': '1', 'resblock_kernel_sizes': [3, 7, 11], 'resblock_dilation_sizes': [[1, 3, 5], [1, 3, 5], [1, 3, 5]], 'upsample_rates': [10, 10, 2, 2], 'upsample_initial_channel': 512, 'upsample_kernel_sizes': [16, 16, 4, 4], 'use_spectral_norm': False, 'gin_channels': 256, 'spk_embed_dim': 109}, 'model_dir': './logs\\course_rvc', 'experiment_dir': './logs\\course_rvc', 'save_every_epoch': 1, 'name': 'course_rvc', 'total_epoch': 3, 'pretrainG': 'assets/pretrained_v2/G40k.pth', 'pretrainD': 'assets/pretrained_v2/D40k.pth', 'version': 'v2', 'gpus': '0', 'sample_rate': '40k', 'if_f0': 0, 'if_latest': 1, 'save_every_weights': '1', 'if_cache_data_in_gpu': 0}
2026-05-28 12:42:30,759	course_rvc	INFO	loaded pretrained assets/pretrained_v2/G40k.pth
2026-05-28 12:42:30,857	course_rvc	INFO	<All keys matched successfully>
2026-05-28 12:42:30,857	course_rvc	INFO	loaded pretrained assets/pretrained_v2/D40k.pth
2026-05-28 12:42:30,986	course_rvc	INFO	<All keys matched successfully>
2026-05-28 12:42:39,969	course_rvc	INFO	Train Epoch: 1 [0%]
2026-05-28 12:42:39,973	course_rvc	INFO	[0, 0.0001]
2026-05-28 12:42:39,973	course_rvc	INFO	loss_disc=4.391, loss_gen=2.764, loss_fm=8.369,loss_mel=39.366, loss_kl=9.000
2026-05-28 12:44:07,134	course_rvc	INFO	Saving model and optimizer state at epoch 1 to ./logs\course_rvc\G_2333333.pth
2026-05-28 12:44:07,655	course_rvc	INFO	Saving model and optimizer state at epoch 1 to ./logs\course_rvc\D_2333333.pth
2026-05-28 12:44:08,609	course_rvc	INFO	saving ckpt course_rvc_e1:Success.
2026-05-28 12:44:08,609	course_rvc	INFO	====> Epoch: 1 [2026-05-28 12:44:08] | (0:01:37.606351)
2026-05-28 12:44:18,876	course_rvc	INFO	Eval Epoch: 1, val/loss_mel=36.812
2026-05-28 12:44:52,351	course_rvc	INFO	Train Epoch: 2 [67%]
2026-05-28 12:44:52,351	course_rvc	INFO	[10, 9.99875e-05]
2026-05-28 12:44:52,351	course_rvc	INFO	loss_disc=3.531, loss_gen=4.159, loss_fm=11.300,loss_mel=23.941, loss_kl=4.357
2026-05-28 12:44:59,014	course_rvc	INFO	Saving model and optimizer state at epoch 2 to ./logs\course_rvc\G_2333333.pth
2026-05-28 12:44:59,473	course_rvc	INFO	Saving model and optimizer state at epoch 2 to ./logs\course_rvc\D_2333333.pth
2026-05-28 12:45:00,164	course_rvc	INFO	saving ckpt course_rvc_e2:Success.
2026-05-28 12:45:00,164	course_rvc	INFO	====> Epoch: 2 [2026-05-28 12:45:00] | (0:00:41.275011)
2026-05-28 12:45:06,779	course_rvc	INFO	Eval Epoch: 2, val/loss_mel=39.439
2026-05-28 12:45:48,825	course_rvc	INFO	Saving model and optimizer state at epoch 3 to ./logs\course_rvc\G_2333333.pth
2026-05-28 12:45:49,671	course_rvc	INFO	Saving model and optimizer state at epoch 3 to ./logs\course_rvc\D_2333333.pth
2026-05-28 12:45:50,655	course_rvc	INFO	saving ckpt course_rvc_e3:Success.
2026-05-28 12:45:50,655	course_rvc	INFO	====> Epoch: 3 [2026-05-28 12:45:50] | (0:00:43.865552)
2026-05-28 12:45:57,862	course_rvc	INFO	Eval Epoch: 3, val/loss_mel=40.392
2026-05-28 12:45:57,862	course_rvc	INFO	Training is done. The program is closed.
2026-05-28 12:45:58,016	course_rvc	INFO	saving final ckpt:Success.
2026-05-28 12:58:39,711	course_rvc	INFO	{'train': {'log_interval': 200, 'seed': 1234, 'epochs': 20000, 'learning_rate': 0.0001, 'betas': [0.8, 0.99], 'eps': 1e-09, 'batch_size': 4, 'fp16_run': True, 'lr_decay': 0.999875, 'segment_size': 12800, 'init_lr_ratio': 1, 'warmup_epochs': 0, 'c_mel': 45, 'c_kl': 1.0}, 'data': {'max_wav_value': 32768.0, 'sampling_rate': 40000, 'filter_length': 2048, 'hop_length': 400, 'win_length': 2048, 'n_mel_channels': 125, 'mel_fmin': 0.0, 'mel_fmax': None, 'training_files': './logs\\course_rvc/filelist.txt'}, 'model': {'inter_channels': 192, 'hidden_channels': 192, 'filter_channels': 768, 'n_heads': 2, 'n_layers': 6, 'kernel_size': 3, 'p_dropout': 0, 'resblock': '1', 'resblock_kernel_sizes': [3, 7, 11], 'resblock_dilation_sizes': [[1, 3, 5], [1, 3, 5], [1, 3, 5]], 'upsample_rates': [10, 10, 2, 2], 'upsample_initial_channel': 512, 'upsample_kernel_sizes': [16, 16, 4, 4], 'use_spectral_norm': False, 'gin_channels': 256, 'spk_embed_dim': 109}, 'model_dir': './logs\\course_rvc', 'experiment_dir': './logs\\course_rvc', 'save_every_epoch': 1, 'name': 'course_rvc', 'total_epoch': 5, 'pretrainG': 'assets/pretrained_v2/G40k.pth', 'pretrainD': 'assets/pretrained_v2/D40k.pth', 'version': 'v2', 'gpus': '0', 'sample_rate': '40k', 'if_f0': 0, 'if_latest': 1, 'save_every_weights': '1', 'if_cache_data_in_gpu': 0}
2026-05-28 12:58:42,721	course_rvc	DEBUG	./logs\course_rvc\D_2333333.pth
2026-05-28 12:58:43,309	course_rvc	INFO	Loaded model weights
2026-05-28 12:58:43,396	course_rvc	INFO	Loaded checkpoint './logs\course_rvc\D_2333333.pth' (epoch 3)
2026-05-28 12:58:43,396	course_rvc	INFO	loaded D
2026-05-28 12:58:43,398	course_rvc	DEBUG	./logs\course_rvc\G_2333333.pth
2026-05-28 12:58:43,896	course_rvc	INFO	Loaded model weights
2026-05-28 12:58:44,013	course_rvc	INFO	Loaded checkpoint './logs\course_rvc\G_2333333.pth' (epoch 3)
2026-05-28 12:58:48,520	course_rvc	INFO	Saving model and optimizer state at epoch 3 to ./logs\course_rvc\G_2333333.pth
2026-05-28 12:58:49,116	course_rvc	INFO	Saving model and optimizer state at epoch 3 to ./logs\course_rvc\D_2333333.pth
2026-05-28 12:58:50,046	course_rvc	INFO	saving ckpt course_rvc_e3:Success.
2026-05-28 12:58:50,049	course_rvc	INFO	====> Epoch: 3 [2026-05-28 12:58:50] | (0:00:05.993963)
2026-05-28 12:58:56,187	course_rvc	INFO	Eval Epoch: 3, val/loss_mel=39.392
2026-05-28 12:58:57,170	course_rvc	INFO	Train Epoch: 4 [33%]
2026-05-28 12:58:57,170	course_rvc	INFO	[10, 9.995000937421877e-05]
2026-05-28 12:58:57,170	course_rvc	INFO	loss_disc=3.697, loss_gen=4.378, loss_fm=8.237,loss_mel=20.623, loss_kl=2.113
2026-05-28 12:58:57,612	course_rvc	INFO	Saving model and optimizer state at epoch 4 to ./logs\course_rvc\G_2333333.pth
2026-05-28 12:58:58,078	course_rvc	INFO	Saving model and optimizer state at epoch 4 to ./logs\course_rvc\D_2333333.pth
2026-05-28 12:58:58,929	course_rvc	INFO	saving ckpt course_rvc_e4:Success.
2026-05-28 12:58:58,929	course_rvc	INFO	====> Epoch: 4 [2026-05-28 12:58:58] | (0:00:02.730407)
2026-05-28 12:59:04,745	course_rvc	INFO	Eval Epoch: 4, val/loss_mel=37.068
2026-05-28 12:59:06,074	course_rvc	INFO	Saving model and optimizer state at epoch 5 to ./logs\course_rvc\G_2333333.pth
2026-05-28 12:59:06,745	course_rvc	INFO	Saving model and optimizer state at epoch 5 to ./logs\course_rvc\D_2333333.pth
2026-05-28 12:59:07,603	course_rvc	INFO	saving ckpt course_rvc_e5:Success.
2026-05-28 12:59:07,603	course_rvc	INFO	====> Epoch: 5 [2026-05-28 12:59:07] | (0:00:02.853804)
2026-05-28 12:59:13,758	course_rvc	INFO	Eval Epoch: 5, val/loss_mel=32.463
2026-05-28 12:59:13,758	course_rvc	INFO	Training is done. The program is closed.
2026-05-28 12:59:13,861	course_rvc	INFO	saving final ckpt:Success.
2026-05-28 13:00:25,370	course_rvc	INFO	{'train': {'log_interval': 200, 'seed': 1234, 'epochs': 20000, 'learning_rate': 0.0001, 'betas': [0.8, 0.99], 'eps': 1e-09, 'batch_size': 4, 'fp16_run': True, 'lr_decay': 0.999875, 'segment_size': 12800, 'init_lr_ratio': 1, 'warmup_epochs': 0, 'c_mel': 45, 'c_kl': 1.0}, 'data': {'max_wav_value': 32768.0, 'sampling_rate': 40000, 'filter_length': 2048, 'hop_length': 400, 'win_length': 2048, 'n_mel_channels': 125, 'mel_fmin': 0.0, 'mel_fmax': None, 'training_files': './logs\\course_rvc/filelist.txt'}, 'model': {'inter_channels': 192, 'hidden_channels': 192, 'filter_channels': 768, 'n_heads': 2, 'n_layers': 6, 'kernel_size': 3, 'p_dropout': 0, 'resblock': '1', 'resblock_kernel_sizes': [3, 7, 11], 'resblock_dilation_sizes': [[1, 3, 5], [1, 3, 5], [1, 3, 5]], 'upsample_rates': [10, 10, 2, 2], 'upsample_initial_channel': 512, 'upsample_kernel_sizes': [16, 16, 4, 4], 'use_spectral_norm': False, 'gin_channels': 256, 'spk_embed_dim': 109}, 'model_dir': './logs\\course_rvc', 'experiment_dir': './logs\\course_rvc', 'save_every_epoch': 1, 'name': 'course_rvc', 'total_epoch': 5, 'pretrainG': 'assets/pretrained_v2/G40k.pth', 'pretrainD': 'assets/pretrained_v2/D40k.pth', 'version': 'v2', 'gpus': '0', 'sample_rate': '40k', 'if_f0': 0, 'if_latest': 1, 'save_every_weights': '1', 'if_cache_data_in_gpu': 0}
2026-05-28 13:00:28,467	course_rvc	DEBUG	./logs\course_rvc\D_2333333.pth
2026-05-28 13:00:28,818	course_rvc	INFO	Loaded model weights
2026-05-28 13:00:28,905	course_rvc	INFO	Loaded checkpoint './logs\course_rvc\D_2333333.pth' (epoch 5)
2026-05-28 13:00:28,905	course_rvc	INFO	loaded D
2026-05-28 13:00:28,905	course_rvc	DEBUG	./logs\course_rvc\G_2333333.pth
2026-05-28 13:00:29,188	course_rvc	INFO	Loaded model weights
2026-05-28 13:00:29,273	course_rvc	INFO	Loaded checkpoint './logs\course_rvc\G_2333333.pth' (epoch 5)
2026-05-28 13:00:31,940	course_rvc	INFO	Saving model and optimizer state at epoch 5 to ./logs\course_rvc\G_2333333.pth
2026-05-28 13:00:32,413	course_rvc	INFO	Saving model and optimizer state at epoch 5 to ./logs\course_rvc\D_2333333.pth
2026-05-28 13:00:33,346	course_rvc	INFO	saving ckpt course_rvc_e5:Success.
2026-05-28 13:00:33,346	course_rvc	INFO	====> Epoch: 5 [2026-05-28 13:00:33] | (0:00:04.072714)
2026-05-28 13:00:39,509	course_rvc	INFO	Eval Epoch: 5, val/loss_mel=38.040
2026-05-28 13:00:39,509	course_rvc	INFO	Training is done. The program is closed.
2026-05-28 13:00:39,815	course_rvc	INFO	saving final ckpt:Success.
2026-05-28 13:02:48,122	course_rvc	INFO	{'train': {'log_interval': 200, 'seed': 1234, 'epochs': 20000, 'learning_rate': 0.0001, 'betas': [0.8, 0.99], 'eps': 1e-09, 'batch_size': 4, 'fp16_run': True, 'lr_decay': 0.999875, 'segment_size': 12800, 'init_lr_ratio': 1, 'warmup_epochs': 0, 'c_mel': 45, 'c_kl': 1.0}, 'data': {'max_wav_value': 32768.0, 'sampling_rate': 40000, 'filter_length': 2048, 'hop_length': 400, 'win_length': 2048, 'n_mel_channels': 125, 'mel_fmin': 0.0, 'mel_fmax': None, 'training_files': './logs\\course_rvc/filelist.txt'}, 'model': {'inter_channels': 192, 'hidden_channels': 192, 'filter_channels': 768, 'n_heads': 2, 'n_layers': 6, 'kernel_size': 3, 'p_dropout': 0, 'resblock': '1', 'resblock_kernel_sizes': [3, 7, 11], 'resblock_dilation_sizes': [[1, 3, 5], [1, 3, 5], [1, 3, 5]], 'upsample_rates': [10, 10, 2, 2], 'upsample_initial_channel': 512, 'upsample_kernel_sizes': [16, 16, 4, 4], 'use_spectral_norm': False, 'gin_channels': 256, 'spk_embed_dim': 109}, 'model_dir': './logs\\course_rvc', 'experiment_dir': './logs\\course_rvc', 'save_every_epoch': 1, 'name': 'course_rvc', 'total_epoch': 5, 'pretrainG': 'assets/pretrained_v2/G40k.pth', 'pretrainD': 'assets/pretrained_v2/D40k.pth', 'version': 'v2', 'gpus': '0', 'sample_rate': '40k', 'if_f0': 0, 'if_latest': 1, 'save_every_weights': '1', 'if_cache_data_in_gpu': 0}
2026-05-28 13:02:51,060	course_rvc	DEBUG	./logs\course_rvc\D_2333333.pth
2026-05-28 13:02:51,367	course_rvc	INFO	Loaded model weights
2026-05-28 13:02:51,449	course_rvc	INFO	Loaded checkpoint './logs\course_rvc\D_2333333.pth' (epoch 5)
2026-05-28 13:02:51,457	course_rvc	INFO	loaded D
2026-05-28 13:02:51,457	course_rvc	DEBUG	./logs\course_rvc\G_2333333.pth
2026-05-28 13:02:51,741	course_rvc	INFO	Loaded model weights
2026-05-28 13:02:51,822	course_rvc	INFO	Loaded checkpoint './logs\course_rvc\G_2333333.pth' (epoch 5)
2026-05-28 13:02:54,412	course_rvc	INFO	Saving model and optimizer state at epoch 5 to ./logs\course_rvc\G_2333333.pth
2026-05-28 13:02:54,880	course_rvc	INFO	Saving model and optimizer state at epoch 5 to ./logs\course_rvc\D_2333333.pth
2026-05-28 13:02:55,763	course_rvc	INFO	saving ckpt course_rvc_e5:Success.
2026-05-28 13:02:55,763	course_rvc	INFO	====> Epoch: 5 [2026-05-28 13:02:55] | (0:00:03.936563)
2026-05-28 13:03:01,336	course_rvc	INFO	Eval Epoch: 5, val/loss_mel=38.040
2026-05-28 13:03:01,336	course_rvc	INFO	Training is done. The program is closed.
2026-05-28 13:03:01,421	course_rvc	INFO	saving final ckpt:Success.
2026-05-29 13:24:54,045	course_rvc	INFO	{'train': {'log_interval': 200, 'seed': 1234, 'epochs': 20000, 'learning_rate': 0.0001, 'betas': [0.8, 0.99], 'eps': 1e-09, 'batch_size': 4, 'fp16_run': True, 'lr_decay': 0.999875, 'segment_size': 12800, 'init_lr_ratio': 1, 'warmup_epochs': 0, 'c_mel': 45, 'c_kl': 1.0}, 'data': {'max_wav_value': 32768.0, 'sampling_rate': 40000, 'filter_length': 2048, 'hop_length': 400, 'win_length': 2048, 'n_mel_channels': 125, 'mel_fmin': 0.0, 'mel_fmax': None, 'training_files': './logs\\course_rvc/filelist.txt'}, 'model': {'inter_channels': 192, 'hidden_channels': 192, 'filter_channels': 768, 'n_heads': 2, 'n_layers': 6, 'kernel_size': 3, 'p_dropout': 0, 'resblock': '1', 'resblock_kernel_sizes': [3, 7, 11], 'resblock_dilation_sizes': [[1, 3, 5], [1, 3, 5], [1, 3, 5]], 'upsample_rates': [10, 10, 2, 2], 'upsample_initial_channel': 512, 'upsample_kernel_sizes': [16, 16, 4, 4], 'use_spectral_norm': False, 'gin_channels': 256, 'spk_embed_dim': 109}, 'model_dir': './logs\\course_rvc', 'experiment_dir': './logs\\course_rvc', 'save_every_epoch': 1, 'name': 'course_rvc', 'total_epoch': 20, 'pretrainG': 'assets/pretrained_v2/G40k.pth', 'pretrainD': 'assets/pretrained_v2/D40k.pth', 'version': 'v2', 'gpus': '0', 'sample_rate': '40k', 'if_f0': 0, 'if_latest': 1, 'save_every_weights': '1', 'if_cache_data_in_gpu': 0}
2026-05-29 13:24:57,620	course_rvc	DEBUG	./logs\course_rvc\D_2333333.pth
2026-05-29 13:24:58,147	course_rvc	INFO	Loaded model weights
2026-05-29 13:24:58,245	course_rvc	INFO	Loaded checkpoint './logs\course_rvc\D_2333333.pth' (epoch 5)
2026-05-29 13:24:58,247	course_rvc	INFO	loaded D
2026-05-29 13:24:58,247	course_rvc	DEBUG	./logs\course_rvc\G_2333333.pth
2026-05-29 13:24:58,647	course_rvc	INFO	Loaded model weights
2026-05-29 13:24:58,737	course_rvc	INFO	Loaded checkpoint './logs\course_rvc\G_2333333.pth' (epoch 5)
2026-05-29 13:25:02,544	course_rvc	INFO	Saving model and optimizer state at epoch 5 to ./logs\course_rvc\G_2333333.pth
2026-05-29 13:25:03,070	course_rvc	INFO	Saving model and optimizer state at epoch 5 to ./logs\course_rvc\D_2333333.pth
2026-05-29 13:25:04,015	course_rvc	INFO	saving ckpt course_rvc_e5:Success.
2026-05-29 13:25:04,015	course_rvc	INFO	====> Epoch: 5 [2026-05-29 13:25:04] | (0:00:05.247609)
2026-05-29 13:25:10,178	course_rvc	INFO	Eval Epoch: 5, val/loss_mel=38.040
2026-05-29 13:25:11,562	course_rvc	INFO	Saving model and optimizer state at epoch 6 to ./logs\course_rvc\G_2333333.pth
2026-05-29 13:25:12,044	course_rvc	INFO	Saving model and optimizer state at epoch 6 to ./logs\course_rvc\D_2333333.pth
2026-05-29 13:25:12,906	course_rvc	INFO	saving ckpt course_rvc_e6:Success.
2026-05-29 13:25:12,906	course_rvc	INFO	====> Epoch: 6 [2026-05-29 13:25:12] | (0:00:02.724051)
2026-05-29 13:25:18,557	course_rvc	INFO	Eval Epoch: 6, val/loss_mel=37.233
2026-05-29 13:25:19,898	course_rvc	INFO	Train Epoch: 7 [67%]
2026-05-29 13:25:19,898	course_rvc	INFO	[20, 9.987507028906759e-05]
2026-05-29 13:25:19,898	course_rvc	INFO	loss_disc=3.154, loss_gen=4.575, loss_fm=10.070,loss_mel=20.021, loss_kl=2.506
2026-05-29 13:25:19,919	course_rvc	INFO	Saving model and optimizer state at epoch 7 to ./logs\course_rvc\G_2333333.pth
2026-05-29 13:25:20,571	course_rvc	INFO	Saving model and optimizer state at epoch 7 to ./logs\course_rvc\D_2333333.pth
2026-05-29 13:25:21,519	course_rvc	INFO	saving ckpt course_rvc_e7:Success.
2026-05-29 13:25:21,519	course_rvc	INFO	====> Epoch: 7 [2026-05-29 13:25:21] | (0:00:02.956575)
2026-05-29 13:25:26,846	course_rvc	INFO	Eval Epoch: 7, val/loss_mel=32.463
2026-05-29 13:25:28,248	course_rvc	INFO	Saving model and optimizer state at epoch 8 to ./logs\course_rvc\G_2333333.pth
2026-05-29 13:25:28,719	course_rvc	INFO	Saving model and optimizer state at epoch 8 to ./logs\course_rvc\D_2333333.pth
2026-05-29 13:25:29,543	course_rvc	INFO	saving ckpt course_rvc_e8:Success.
2026-05-29 13:25:29,543	course_rvc	INFO	====> Epoch: 8 [2026-05-29 13:25:29] | (0:00:02.695624)
2026-05-29 13:25:35,085	course_rvc	INFO	Eval Epoch: 8, val/loss_mel=47.304
2026-05-29 13:25:36,385	course_rvc	INFO	Saving model and optimizer state at epoch 9 to ./logs\course_rvc\G_2333333.pth
2026-05-29 13:25:36,847	course_rvc	INFO	Saving model and optimizer state at epoch 9 to ./logs\course_rvc\D_2333333.pth
2026-05-29 13:25:37,664	course_rvc	INFO	saving ckpt course_rvc_e9:Success.
2026-05-29 13:25:37,664	course_rvc	INFO	====> Epoch: 9 [2026-05-29 13:25:37] | (0:00:02.574605)
2026-05-29 13:25:43,393	course_rvc	INFO	Eval Epoch: 9, val/loss_mel=29.552
2026-05-29 13:25:44,691	course_rvc	INFO	Saving model and optimizer state at epoch 10 to ./logs\course_rvc\G_2333333.pth
2026-05-29 13:25:45,178	course_rvc	INFO	Saving model and optimizer state at epoch 10 to ./logs\course_rvc\D_2333333.pth
2026-05-29 13:25:46,136	course_rvc	INFO	saving ckpt course_rvc_e10:Success.
2026-05-29 13:25:46,136	course_rvc	INFO	====> Epoch: 10 [2026-05-29 13:25:46] | (0:00:02.739242)
2026-05-29 13:25:51,847	course_rvc	INFO	Eval Epoch: 10, val/loss_mel=31.903
2026-05-29 13:25:52,297	course_rvc	INFO	Train Epoch: 11 [0%]
2026-05-29 13:25:52,310	course_rvc	INFO	[30, 9.982514211643064e-05]
2026-05-29 13:25:52,310	course_rvc	INFO	loss_disc=2.680, loss_gen=4.907, loss_fm=14.035,loss_mel=29.866, loss_kl=2.518
2026-05-29 13:25:53,180	course_rvc	INFO	Saving model and optimizer state at epoch 11 to ./logs\course_rvc\G_2333333.pth
2026-05-29 13:25:53,647	course_rvc	INFO	Saving model and optimizer state at epoch 11 to ./logs\course_rvc\D_2333333.pth
2026-05-29 13:25:54,515	course_rvc	INFO	saving ckpt course_rvc_e11:Success.
2026-05-29 13:25:54,515	course_rvc	INFO	====> Epoch: 11 [2026-05-29 13:25:54] | (0:00:02.664081)
2026-05-29 13:25:59,980	course_rvc	INFO	Eval Epoch: 11, val/loss_mel=31.474
2026-05-29 13:26:01,251	course_rvc	INFO	Saving model and optimizer state at epoch 12 to ./logs\course_rvc\G_2333333.pth
2026-05-29 13:26:01,700	course_rvc	INFO	Saving model and optimizer state at epoch 12 to ./logs\course_rvc\D_2333333.pth
2026-05-29 13:26:02,488	course_rvc	INFO	saving ckpt course_rvc_e12:Success.
2026-05-29 13:26:02,488	course_rvc	INFO	====> Epoch: 12 [2026-05-29 13:26:02] | (0:00:02.503796)
2026-05-29 13:26:07,724	course_rvc	INFO	Eval Epoch: 12, val/loss_mel=26.540
2026-05-29 13:26:08,991	course_rvc	INFO	Saving model and optimizer state at epoch 13 to ./logs\course_rvc\G_2333333.pth
2026-05-29 13:26:09,469	course_rvc	INFO	Saving model and optimizer state at epoch 13 to ./logs\course_rvc\D_2333333.pth
2026-05-29 13:26:10,293	course_rvc	INFO	saving ckpt course_rvc_e13:Success.
2026-05-29 13:26:10,293	course_rvc	INFO	====> Epoch: 13 [2026-05-29 13:26:10] | (0:00:02.564319)
2026-05-29 13:26:15,560	course_rvc	INFO	Eval Epoch: 13, val/loss_mel=34.226
2026-05-29 13:26:16,788	course_rvc	INFO	Train Epoch: 14 [33%]
2026-05-29 13:26:16,803	course_rvc	INFO	[40, 9.978771236724554e-05]
2026-05-29 13:26:16,803	course_rvc	INFO	loss_disc=2.918, loss_gen=4.891, loss_fm=16.244,loss_mel=27.753, loss_kl=1.713
2026-05-29 13:26:17,210	course_rvc	INFO	Saving model and optimizer state at epoch 14 to ./logs\course_rvc\G_2333333.pth
2026-05-29 13:26:17,661	course_rvc	INFO	Saving model and optimizer state at epoch 14 to ./logs\course_rvc\D_2333333.pth
2026-05-29 13:26:18,474	course_rvc	INFO	saving ckpt course_rvc_e14:Success.
2026-05-29 13:26:18,474	course_rvc	INFO	====> Epoch: 14 [2026-05-29 13:26:18] | (0:00:02.910682)
2026-05-29 13:26:23,562	course_rvc	INFO	Eval Epoch: 14, val/loss_mel=23.838
2026-05-29 13:26:24,789	course_rvc	INFO	Saving model and optimizer state at epoch 15 to ./logs\course_rvc\G_2333333.pth
2026-05-29 13:26:25,223	course_rvc	INFO	Saving model and optimizer state at epoch 15 to ./logs\course_rvc\D_2333333.pth
2026-05-29 13:26:26,174	course_rvc	INFO	saving ckpt course_rvc_e15:Success.
2026-05-29 13:26:26,174	course_rvc	INFO	====> Epoch: 15 [2026-05-29 13:26:26] | (0:00:02.612439)
2026-05-29 13:26:31,567	course_rvc	INFO	Eval Epoch: 15, val/loss_mel=31.311
2026-05-29 13:26:32,761	course_rvc	INFO	Saving model and optimizer state at epoch 16 to ./logs\course_rvc\G_2333333.pth
2026-05-29 13:26:32,943	course_rvc	INFO	{'train': {'log_interval': 200, 'seed': 1234, 'epochs': 20000, 'learning_rate': 0.0001, 'betas': [0.8, 0.99], 'eps': 1e-09, 'batch_size': 4, 'fp16_run': True, 'lr_decay': 0.999875, 'segment_size': 12800, 'init_lr_ratio': 1, 'warmup_epochs': 0, 'c_mel': 45, 'c_kl': 1.0}, 'data': {'max_wav_value': 32768.0, 'sampling_rate': 40000, 'filter_length': 2048, 'hop_length': 400, 'win_length': 2048, 'n_mel_channels': 125, 'mel_fmin': 0.0, 'mel_fmax': None, 'training_files': './logs\\course_rvc/filelist.txt'}, 'model': {'inter_channels': 192, 'hidden_channels': 192, 'filter_channels': 768, 'n_heads': 2, 'n_layers': 6, 'kernel_size': 3, 'p_dropout': 0, 'resblock': '1', 'resblock_kernel_sizes': [3, 7, 11], 'resblock_dilation_sizes': [[1, 3, 5], [1, 3, 5], [1, 3, 5]], 'upsample_rates': [10, 10, 2, 2], 'upsample_initial_channel': 512, 'upsample_kernel_sizes': [16, 16, 4, 4], 'use_spectral_norm': False, 'gin_channels': 256, 'spk_embed_dim': 109}, 'model_dir': './logs\\course_rvc', 'experiment_dir': './logs\\course_rvc', 'save_every_epoch': 1, 'name': 'course_rvc', 'total_epoch': 20, 'pretrainG': 'assets/pretrained_v2/G40k.pth', 'pretrainD': 'assets/pretrained_v2/D40k.pth', 'version': 'v2', 'gpus': '0', 'sample_rate': '40k', 'if_f0': 0, 'if_latest': 1, 'save_every_weights': '1', 'if_cache_data_in_gpu': 0}
2026-05-29 13:26:33,289	course_rvc	INFO	Saving model and optimizer state at epoch 16 to ./logs\course_rvc\D_2333333.pth
2026-05-29 13:26:34,291	course_rvc	INFO	saving ckpt course_rvc_e16:Success.
2026-05-29 13:26:34,291	course_rvc	INFO	====> Epoch: 16 [2026-05-29 13:26:34] | (0:00:02.713562)
2026-05-29 13:26:36,392	course_rvc	DEBUG	./logs\course_rvc\D_2333333.pth
2026-05-29 13:26:36,762	course_rvc	INFO	Loaded model weights
2026-05-29 13:26:36,858	course_rvc	INFO	Loaded checkpoint './logs\course_rvc\D_2333333.pth' (epoch 16)
2026-05-29 13:26:36,858	course_rvc	INFO	loaded D
2026-05-29 13:26:36,858	course_rvc	DEBUG	./logs\course_rvc\G_2333333.pth
2026-05-29 13:26:37,201	course_rvc	INFO	Loaded model weights
2026-05-29 13:26:37,286	course_rvc	INFO	Loaded checkpoint './logs\course_rvc\G_2333333.pth' (epoch 16)
2026-05-29 13:26:37,327	course_rvc	INFO	Epoch 16/20 start, batches=3
2026-05-29 13:26:40,058	course_rvc	INFO	Eval Epoch: 16, val/loss_mel=33.646
2026-05-29 13:26:41,270	course_rvc	INFO	Train Epoch: 16 [33%]
2026-05-29 13:26:41,271	course_rvc	INFO	[45, 9.975029665246193e-05]
2026-05-29 13:26:41,271	course_rvc	INFO	loss_disc=3.786, loss_gen=3.828, loss_fm=7.790,loss_mel=21.123, loss_kl=2.310
2026-05-29 13:26:42,637	course_rvc	INFO	Train Epoch: 17 [67%]
2026-05-29 13:26:42,647	course_rvc	INFO	[50, 9.975029665246193e-05]
2026-05-29 13:26:42,647	course_rvc	INFO	loss_disc=3.225, loss_gen=4.439, loss_fm=12.150,loss_mel=23.450, loss_kl=1.675
2026-05-29 13:26:42,658	course_rvc	INFO	Saving model and optimizer state at epoch 17 to ./logs\course_rvc\G_2333333.pth
2026-05-29 13:26:43,570	course_rvc	INFO	Train Epoch: 16 [67%]
2026-05-29 13:26:43,570	course_rvc	INFO	[46, 9.975029665246193e-05]
2026-05-29 13:26:43,570	course_rvc	INFO	loss_disc=2.621, loss_gen=5.086, loss_fm=16.194,loss_mel=26.648, loss_kl=1.596
2026-05-29 13:26:44,782	course_rvc	INFO	Saving model and optimizer state at epoch 17 to ./logs\course_rvc\D_2333333.pth
2026-05-29 13:26:45,810	course_rvc	INFO	Train Epoch: 16 [100%]
2026-05-29 13:26:45,810	course_rvc	INFO	[47, 9.975029665246193e-05]
2026-05-29 13:26:45,810	course_rvc	INFO	loss_disc=1.773, loss_gen=6.258, loss_fm=23.009,loss_mel=34.949, loss_kl=2.270
2026-05-29 13:26:45,832	course_rvc	INFO	Saving model and optimizer state at epoch 16 to ./logs\course_rvc\G_2333333.pth
2026-05-29 13:26:46,422	course_rvc	INFO	Saving model and optimizer state at epoch 16 to ./logs\course_rvc\D_2333333.pth
2026-05-29 13:26:47,435	course_rvc	INFO	saving ckpt course_rvc_e17:Success.
2026-05-29 13:26:47,435	course_rvc	INFO	====> Epoch: 17 [2026-05-29 13:26:47] | (0:00:07.376902)
2026-05-29 13:26:49,010	course_rvc	INFO	saving ckpt course_rvc_e16:Success.
2026-05-29 13:26:49,010	course_rvc	INFO	====> Epoch: 16 [2026-05-29 13:26:49] | (0:00:11.682689)
2026-05-29 13:26:56,356	course_rvc	INFO	Eval Epoch: 17, val/loss_mel=33.519
2026-05-29 13:26:57,607	course_rvc	INFO	Eval Epoch: 16, val/loss_mel=34.413
2026-05-29 13:26:57,623	course_rvc	INFO	Epoch 17/20 start, batches=3
2026-05-29 13:26:59,528	course_rvc	INFO	Train Epoch: 17 [33%]
2026-05-29 13:26:59,528	course_rvc	INFO	[48, 9.973782786538036e-05]
2026-05-29 13:26:59,528	course_rvc	INFO	loss_disc=2.970, loss_gen=3.820, loss_fm=12.875,loss_mel=24.319, loss_kl=1.884
2026-05-29 13:26:59,936	course_rvc	INFO	Train Epoch: 17 [67%]
2026-05-29 13:26:59,936	course_rvc	INFO	[49, 9.973782786538036e-05]
2026-05-29 13:26:59,937	course_rvc	INFO	loss_disc=2.223, loss_gen=7.155, loss_fm=19.824,loss_mel=34.547, loss_kl=1.902
2026-05-29 13:27:00,383	course_rvc	INFO	Train Epoch: 17 [100%]
2026-05-29 13:27:00,383	course_rvc	INFO	[50, 9.973782786538036e-05]
2026-05-29 13:27:00,383	course_rvc	INFO	loss_disc=2.773, loss_gen=5.748, loss_fm=15.443,loss_mel=28.743, loss_kl=1.510
2026-05-29 13:27:00,399	course_rvc	INFO	Saving model and optimizer state at epoch 17 to ./logs\course_rvc\G_2333333.pth
2026-05-29 13:27:01,086	course_rvc	INFO	Saving model and optimizer state at epoch 18 to ./logs\course_rvc\G_2333333.pth
2026-05-29 13:27:01,560	course_rvc	INFO	Saving model and optimizer state at epoch 18 to ./logs\course_rvc\D_2333333.pth
2026-05-29 13:27:02,378	course_rvc	INFO	Saving model and optimizer state at epoch 17 to ./logs\course_rvc\D_2333333.pth
2026-05-29 13:27:04,201	course_rvc	INFO	saving ckpt course_rvc_e18:Success.
2026-05-29 13:27:04,201	course_rvc	INFO	====> Epoch: 18 [2026-05-29 13:27:04] | (0:00:07.844516)
2026-05-29 13:27:04,704	course_rvc	INFO	saving ckpt course_rvc_e17:Success.
2026-05-29 13:27:04,704	course_rvc	INFO	====> Epoch: 17 [2026-05-29 13:27:04] | (0:00:07.081221)
2026-05-29 13:27:12,430	course_rvc	INFO	Eval Epoch: 18, val/loss_mel=29.268
2026-05-29 13:27:13,694	course_rvc	INFO	Eval Epoch: 17, val/loss_mel=37.139
2026-05-29 13:27:13,694	course_rvc	INFO	Epoch 18/20 start, batches=3
2026-05-29 13:27:14,220	course_rvc	INFO	Train Epoch: 18 [33%]
2026-05-29 13:27:14,220	course_rvc	INFO	[51, 9.972536063689719e-05]
2026-05-29 13:27:14,220	course_rvc	INFO	loss_disc=3.009, loss_gen=4.122, loss_fm=13.952,loss_mel=30.322, loss_kl=2.059
2026-05-29 13:27:15,532	course_rvc	INFO	Saving model and optimizer state at epoch 19 to ./logs\course_rvc\G_2333333.pth
2026-05-29 13:27:16,202	course_rvc	INFO	Train Epoch: 18 [67%]
2026-05-29 13:27:16,206	course_rvc	INFO	[52, 9.972536063689719e-05]
2026-05-29 13:27:16,206	course_rvc	INFO	loss_disc=2.976, loss_gen=4.760, loss_fm=9.218,loss_mel=22.666, loss_kl=2.414
2026-05-29 13:27:16,678	course_rvc	INFO	Train Epoch: 18 [100%]
2026-05-29 13:27:16,678	course_rvc	INFO	[53, 9.972536063689719e-05]
2026-05-29 13:27:16,678	course_rvc	INFO	loss_disc=2.423, loss_gen=5.321, loss_fm=16.183,loss_mel=27.624, loss_kl=1.907
2026-05-29 13:27:16,694	course_rvc	INFO	Saving model and optimizer state at epoch 18 to ./logs\course_rvc\G_2333333.pth
2026-05-29 13:27:17,470	course_rvc	INFO	Saving model and optimizer state at epoch 19 to ./logs\course_rvc\D_2333333.pth
2026-05-29 13:27:18,756	course_rvc	INFO	Saving model and optimizer state at epoch 18 to ./logs\course_rvc\D_2333333.pth
2026-05-29 13:27:20,119	course_rvc	INFO	saving ckpt course_rvc_e19:Success.
2026-05-29 13:27:20,119	course_rvc	INFO	====> Epoch: 19 [2026-05-29 13:27:20] | (0:00:07.678990)
2026-05-29 13:27:21,289	course_rvc	INFO	saving ckpt course_rvc_e18:Success.
2026-05-29 13:27:21,289	course_rvc	INFO	====> Epoch: 18 [2026-05-29 13:27:21] | (0:00:07.595154)
2026-05-29 13:27:28,398	course_rvc	INFO	Eval Epoch: 19, val/loss_mel=22.479
2026-05-29 13:27:29,485	course_rvc	INFO	Eval Epoch: 18, val/loss_mel=30.625
2026-05-29 13:27:29,489	course_rvc	INFO	Epoch 19/20 start, batches=3
2026-05-29 13:27:32,451	course_rvc	INFO	Train Epoch: 19 [33%]
2026-05-29 13:27:32,451	course_rvc	INFO	[54, 9.971289496681757e-05]
2026-05-29 13:27:32,451	course_rvc	INFO	loss_disc=1.933, loss_gen=6.085, loss_fm=19.267,loss_mel=31.624, loss_kl=1.824
2026-05-29 13:27:32,969	course_rvc	INFO	Saving model and optimizer state at epoch 20 to ./logs\course_rvc\G_2333333.pth
2026-05-29 13:27:33,517	course_rvc	INFO	Saving model and optimizer state at epoch 20 to ./logs\course_rvc\D_2333333.pth
2026-05-29 13:27:34,649	course_rvc	INFO	Train Epoch: 19 [67%]
2026-05-29 13:27:34,649	course_rvc	INFO	[55, 9.971289496681757e-05]
2026-05-29 13:27:34,649	course_rvc	INFO	loss_disc=3.298, loss_gen=3.996, loss_fm=8.054,loss_mel=15.628, loss_kl=1.470
2026-05-29 13:27:35,107	course_rvc	INFO	Train Epoch: 19 [100%]
2026-05-29 13:27:35,107	course_rvc	INFO	[56, 9.971289496681757e-05]
2026-05-29 13:27:35,107	course_rvc	INFO	loss_disc=1.603, loss_gen=6.650, loss_fm=24.100,loss_mel=35.433, loss_kl=2.349
2026-05-29 13:27:35,137	course_rvc	INFO	Saving model and optimizer state at epoch 19 to ./logs\course_rvc\G_2333333.pth
2026-05-29 13:27:36,289	course_rvc	INFO	saving ckpt course_rvc_e20:Success.
2026-05-29 13:27:36,289	course_rvc	INFO	====> Epoch: 20 [2026-05-29 13:27:36] | (0:00:07.891242)
2026-05-29 13:27:37,296	course_rvc	INFO	Saving model and optimizer state at epoch 19 to ./logs\course_rvc\D_2333333.pth
2026-05-29 13:27:38,292	course_rvc	INFO	saving ckpt course_rvc_e19:Success.
2026-05-29 13:27:38,292	course_rvc	INFO	====> Epoch: 19 [2026-05-29 13:27:38] | (0:00:08.803278)
2026-05-29 13:27:42,730	course_rvc	INFO	Eval Epoch: 20, val/loss_mel=35.920
2026-05-29 13:27:42,730	course_rvc	INFO	Training is done. The program is closed.
2026-05-29 13:27:42,812	course_rvc	INFO	saving final ckpt:Success.
2026-05-29 13:27:43,915	course_rvc	INFO	Eval Epoch: 19, val/loss_mel=46.823
2026-05-29 13:27:43,924	course_rvc	INFO	Epoch 20/20 start, batches=3
2026-05-29 13:27:44,378	course_rvc	INFO	Train Epoch: 20 [33%]
2026-05-29 13:27:44,378	course_rvc	INFO	[57, 9.970043085494672e-05]
2026-05-29 13:27:44,378	course_rvc	INFO	loss_disc=3.074, loss_gen=4.031, loss_fm=8.438,loss_mel=17.446, loss_kl=1.378
2026-05-29 13:27:44,868	course_rvc	INFO	Train Epoch: 20 [67%]
2026-05-29 13:27:44,868	course_rvc	INFO	[58, 9.970043085494672e-05]
2026-05-29 13:27:44,868	course_rvc	INFO	loss_disc=2.294, loss_gen=5.367, loss_fm=17.460,loss_mel=30.741, loss_kl=1.885
2026-05-29 13:27:45,374	course_rvc	INFO	Train Epoch: 20 [100%]
2026-05-29 13:27:45,374	course_rvc	INFO	[59, 9.970043085494672e-05]
2026-05-29 13:27:45,374	course_rvc	INFO	loss_disc=2.705, loss_gen=5.431, loss_fm=18.330,loss_mel=33.939, loss_kl=2.023
2026-05-29 13:27:45,393	course_rvc	INFO	Saving model and optimizer state at epoch 20 to ./logs\course_rvc\G_2333333.pth
2026-05-29 13:27:45,855	course_rvc	INFO	Saving model and optimizer state at epoch 20 to ./logs\course_rvc\D_2333333.pth
2026-05-29 13:27:46,797	course_rvc	INFO	saving ckpt course_rvc_e20:Success.
2026-05-29 13:27:46,797	course_rvc	INFO	====> Epoch: 20 [2026-05-29 13:27:46] | (0:00:02.873349)
2026-05-29 13:27:51,390	course_rvc	INFO	Eval Epoch: 20, val/loss_mel=24.870
2026-05-29 13:27:51,390	course_rvc	INFO	Training is done. The program is closed.
2026-05-29 13:27:51,602	course_rvc	INFO	saving final ckpt:Success.
2026-05-31 22:49:01,984	course_rvc	INFO	{'train': {'log_interval': 200, 'seed': 1234, 'epochs': 20000, 'learning_rate': 0.0001, 'betas': [0.8, 0.99], 'eps': 1e-09, 'batch_size': 4, 'fp16_run': True, 'lr_decay': 0.999875, 'segment_size': 12800, 'init_lr_ratio': 1, 'warmup_epochs': 0, 'c_mel': 45, 'c_kl': 1.0}, 'data': {'max_wav_value': 32768.0, 'sampling_rate': 40000, 'filter_length': 2048, 'hop_length': 400, 'win_length': 2048, 'n_mel_channels': 125, 'mel_fmin': 0.0, 'mel_fmax': None, 'training_files': './logs\\course_rvc/filelist.txt'}, 'model': {'inter_channels': 192, 'hidden_channels': 192, 'filter_channels': 768, 'n_heads': 2, 'n_layers': 6, 'kernel_size': 3, 'p_dropout': 0, 'resblock': '1', 'resblock_kernel_sizes': [3, 7, 11], 'resblock_dilation_sizes': [[1, 3, 5], [1, 3, 5], [1, 3, 5]], 'upsample_rates': [10, 10, 2, 2], 'upsample_initial_channel': 512, 'upsample_kernel_sizes': [16, 16, 4, 4], 'use_spectral_norm': False, 'gin_channels': 256, 'spk_embed_dim': 109}, 'model_dir': './logs\\course_rvc', 'experiment_dir': './logs\\course_rvc', 'save_every_epoch': 1, 'name': 'course_rvc', 'total_epoch': 5, 'pretrainG': 'assets/pretrained_v2/G40k.pth', 'pretrainD': 'assets/pretrained_v2/D40k.pth', 'version': 'v2', 'gpus': '0', 'sample_rate': '40k', 'if_f0': 0, 'if_latest': 1, 'save_every_weights': '1', 'if_cache_data_in_gpu': 0}
2026-05-31 22:49:04,893	course_rvc	DEBUG	./logs\course_rvc\D_2333333.pth
2026-05-31 22:49:05,396	course_rvc	INFO	Loaded model weights
2026-05-31 22:49:05,481	course_rvc	INFO	Loaded checkpoint './logs\course_rvc\D_2333333.pth' (epoch 20)
2026-05-31 22:49:05,486	course_rvc	INFO	loaded D
2026-05-31 22:49:05,487	course_rvc	DEBUG	./logs\course_rvc\G_2333333.pth
2026-05-31 22:49:05,847	course_rvc	INFO	Loaded model weights
2026-05-31 22:49:05,928	course_rvc	INFO	Loaded checkpoint './logs\course_rvc\G_2333333.pth' (epoch 20)
2026-05-31 22:49:05,956	course_rvc	INFO	Epoch 20/5 start, batches=3
2026-05-31 22:49:08,413	course_rvc	INFO	Train Epoch: 20 [33%]
2026-05-31 22:49:08,413	course_rvc	INFO	[57, 9.968796830108985e-05]
2026-05-31 22:49:08,413	course_rvc	INFO	loss_disc=3.646, loss_gen=5.437, loss_fm=8.280,loss_mel=20.846, loss_kl=2.255
2026-05-31 22:49:09,183	course_rvc	INFO	Train Epoch: 20 [67%]
2026-05-31 22:49:09,183	course_rvc	INFO	[58, 9.968796830108985e-05]
2026-05-31 22:49:09,184	course_rvc	INFO	loss_disc=2.427, loss_gen=5.742, loss_fm=18.178,loss_mel=31.306, loss_kl=1.823
2026-05-31 22:49:09,699	course_rvc	INFO	Train Epoch: 20 [100%]
2026-05-31 22:49:09,699	course_rvc	INFO	[59, 9.968796830108985e-05]
2026-05-31 22:49:09,700	course_rvc	INFO	loss_disc=3.065, loss_gen=3.955, loss_fm=16.235,loss_mel=27.116, loss_kl=1.892
2026-05-31 22:49:09,711	course_rvc	INFO	Saving model and optimizer state at epoch 20 to ./logs\course_rvc\G_2333333.pth
2026-05-31 22:49:10,215	course_rvc	INFO	Saving model and optimizer state at epoch 20 to ./logs\course_rvc\D_2333333.pth
2026-05-31 22:49:11,041	course_rvc	INFO	saving ckpt course_rvc_e20:Success.
2026-05-31 22:49:11,042	course_rvc	INFO	====> Epoch: 20 [2026-05-31 22:49:11] | (0:00:05.083308)
2026-05-31 22:49:17,797	course_rvc	INFO	Eval Epoch: 20, val/loss_mel=34.183
2026-05-31 22:49:17,799	course_rvc	INFO	Training is done. The program is closed.
2026-05-31 22:49:18,046	course_rvc	INFO	saving final ckpt:Success.
